<html>
<body>
<pre>
<h1>µVision Build Log</h1>
<h2>Tool Versions:</h2>
IDE-Version: ¦ÌVision V5.37.0.0
Copyright (C) 2022 ARM Ltd and ARM Germany GmbH. All rights reserved.
License Information: Can Ti, SUCCESSFUL, LIC=YA39H-WP784-9UV4U-SPPCJ-6JJC6-HE6Q4
 
Tool Versions:
Toolchain:       MDK-ARM Plus  Version: 5.37.0.0
Toolchain Path:  D:\MDK\ARM\ARMCLANG\Bin
C Compiler:      ArmClang.exe V6.18
Assembler:       Armasm.exe V6.18
Linker/Locator:  ArmLink.exe V6.18
Library Manager: ArmAr.exe V6.18
Hex Converter:   FromElf.exe V6.18
CPU DLL:         SARMCM3.DLL V5.37.0.0
Dialog DLL:      DCM.DLL V1.17.5.0
Target DLL:      CMSIS_AGDI.dll V1.33.12.0
Dialog DLL:      TCM.DLL V1.56.1.0
 
<h2>Project:</h2>
D:\Cubemxproject\24engineer\F4_Master(1)\MDK-ARM\RUI_ENGINEER.uvprojx
Project File Date:  08/31/2024

<h2>Output:</h2>
*** Using Compiler 'V6.18', folder: 'D:\MDK\ARM\ARMCLANG\Bin'
Build target 'RUI_ENGINEER'
compiling RUI_MATH.c...
compiling RUI_MOTOR.c...
compiling RUI_ANONYMITY.c...
compiling VOFA.c...
compiling bsp_dwt.c...
compiling FFC.c...
compiling RUI_CAN.c...
compiling RUI_ROOT_INIT.c...
compiling RUI_PID.c...
compiling head_task.c...
compiling user_lib.c...
compiling kernel.c...
compiling exchange_task.c...
compiling Reset_task.c...
compiling gpio.c...
compiling Silver_ore_task.c...
compiling Goid_ore_task.c...
compiling RUI_DBUS.c...
compiling main.c...
compiling dma.c...
compiling can.c...
compiling crc.c...
compiling freertos.c...
compiling tim.c...
compiling usart.c...
compiling stm32f4xx_hal_msp.c...
compiling stm32f4xx_hal_timebase_tim.c...
compiling stm32f4xx_it.c...
compiling stm32f4xx_hal_can.c...
compiling stm32f4xx_hal_rcc.c...
compiling stm32f4xx_hal_flash_ramfunc.c...
compiling stm32f4xx_hal_rcc_ex.c...
compiling stm32f4xx_hal_flash.c...
compiling stm32f4xx_hal_flash_ex.c...
compiling stm32f4xx_hal_gpio.c...
compiling stm32f4xx_hal_pwr.c...
compiling stm32f4xx_hal_dma_ex.c...
compiling stm32f4xx_hal_pwr_ex.c...
compiling stm32f4xx_hal_dma.c...
compiling stm32f4xx_hal.c...
compiling stm32f4xx_hal_cortex.c...
compiling stm32f4xx_hal_exti.c...
compiling stm32f4xx_hal_crc.c...
compiling croutine.c...
compiling list.c...
compiling system_stm32f4xx.c...
compiling stm32f4xx_hal_tim_ex.c...
compiling event_groups.c...
compiling stm32f4xx_hal_uart.c...
compiling stream_buffer.c...
compiling queue.c...
compiling timers.c...
compiling tasks.c...
compiling heap_4.c...
compiling cmsis_os.c...
compiling stm32f4xx_hal_tim.c...
compiling port.c...
linking...
Program Size: Code=58120 RO-data=868 RW-data=84 ZI-data=13148  
FromELF: creating hex file...
"RUI_ENGINEER\RUI_ENGINEER.axf" - 0 Error(s), 0 Warning(s).

<h2>Software Packages used:</h2>

Package Vendor: ARM
                http://www.keil.com/pack/ARM.CMSIS.5.4.0.pack
                ARM.CMSIS.5.4.0
                CMSIS (Cortex Microcontroller Software Interface Standard)
   * Component: CORE Version: 5.1.2

Package Vendor: Keil
                http://www.keil.com/pack/Keil.STM32F4xx_DFP.2.15.0.pack
                Keil.STM32F4xx_DFP.2.15.0
                STMicroelectronics STM32F4 Series Device Support, Drivers and Examples

<h2>Collection of Component include folders:</h2>
  ./RTE/_RUI_ENGINEER
  D:/Keil_v5_pack/ARM/CMSIS/5.4.0/CMSIS/Core/Include
  D:/Keil_v5_pack/Keil/STM32F4xx_DFP/2.15.0/Drivers/CMSIS/Device/ST/STM32F4xx/Include

<h2>Collection of Component Files used:</h2>

   * Component: ARM::CMSIS:CORE:5.1.2
Build Time Elapsed:  00:00:02
</pre>
</body>
</html>
