Component: Arm Compiler for Embedded 6.18 Tool: armlink [5e4cc100]

==============================================================================

Section Cross References

    bsp_dwt.o(.text.DWT_Init) refers to bsp_dwt.o(.bss.CPU_FREQ_Hz) for CPU_FREQ_Hz
    bsp_dwt.o(.text.DWT_Init) refers to bsp_dwt.o(.bss.CPU_FREQ_Hz_ms) for CPU_FREQ_Hz_ms
    bsp_dwt.o(.text.DWT_Init) refers to bsp_dwt.o(.bss.CPU_FREQ_Hz_us) for CPU_FREQ_Hz_us
    bsp_dwt.o(.text.DWT_Init) refers to bsp_dwt.o(.bss.CYCCNT_RountCount) for CYCCNT_RountCount
    bsp_dwt.o(.ARM.exidx.text.DWT_Init) refers to bsp_dwt.o(.text.DWT_Init) for [Anonymous Symbol]
    bsp_dwt.o(.text.DWT_GetDeltaT) refers to bsp_dwt.o(.bss.CPU_FREQ_Hz) for CPU_FREQ_Hz
    bsp_dwt.o(.text.DWT_GetDeltaT) refers to bsp_dwt.o(.text.DWT_CNT_Update) for DWT_CNT_Update
    bsp_dwt.o(.ARM.exidx.text.DWT_GetDeltaT) refers to bsp_dwt.o(.text.DWT_GetDeltaT) for [Anonymous Symbol]
    bsp_dwt.o(.text.DWT_CNT_Update) refers to bsp_dwt.o(.bss.CYCCNT_LAST) for CYCCNT_LAST
    bsp_dwt.o(.text.DWT_CNT_Update) refers to bsp_dwt.o(.bss.CYCCNT_RountCount) for CYCCNT_RountCount
    bsp_dwt.o(.ARM.exidx.text.DWT_CNT_Update) refers to bsp_dwt.o(.text.DWT_CNT_Update) for [Anonymous Symbol]
    bsp_dwt.o(.text.DWT_GetDeltaT64) refers to dflt_clz.o(x$fpl$dfltu) for __aeabi_ui2d
    bsp_dwt.o(.text.DWT_GetDeltaT64) refers to bsp_dwt.o(.bss.CPU_FREQ_Hz) for CPU_FREQ_Hz
    bsp_dwt.o(.text.DWT_GetDeltaT64) refers to ddiv.o(x$fpl$ddiv) for __aeabi_ddiv
    bsp_dwt.o(.text.DWT_GetDeltaT64) refers to bsp_dwt.o(.text.DWT_CNT_Update) for DWT_CNT_Update
    bsp_dwt.o(.ARM.exidx.text.DWT_GetDeltaT64) refers to bsp_dwt.o(.text.DWT_GetDeltaT64) for [Anonymous Symbol]
    bsp_dwt.o(.text.DWT_SysTimeUpdate) refers to bsp_dwt.o(.text.DWT_CNT_Update) for DWT_CNT_Update
    bsp_dwt.o(.text.DWT_SysTimeUpdate) refers to bsp_dwt.o(.bss.CYCCNT_RountCount) for CYCCNT_RountCount
    bsp_dwt.o(.text.DWT_SysTimeUpdate) refers to bsp_dwt.o(.bss.CYCCNT64) for CYCCNT64
    bsp_dwt.o(.text.DWT_SysTimeUpdate) refers to bsp_dwt.o(.bss.CPU_FREQ_Hz) for CPU_FREQ_Hz
    bsp_dwt.o(.text.DWT_SysTimeUpdate) refers to lludivv7m.o(.text) for __aeabi_uldivmod
    bsp_dwt.o(.text.DWT_SysTimeUpdate) refers to bsp_dwt.o(.bss.DWT_SysTimeUpdate.CNT_TEMP1) for DWT_SysTimeUpdate.CNT_TEMP1
    bsp_dwt.o(.text.DWT_SysTimeUpdate) refers to bsp_dwt.o(.bss.DWT_SysTimeUpdate.CNT_TEMP2) for DWT_SysTimeUpdate.CNT_TEMP2
    bsp_dwt.o(.text.DWT_SysTimeUpdate) refers to bsp_dwt.o(.bss.SysTime) for SysTime
    bsp_dwt.o(.text.DWT_SysTimeUpdate) refers to bsp_dwt.o(.bss.CPU_FREQ_Hz_ms) for CPU_FREQ_Hz_ms
    bsp_dwt.o(.text.DWT_SysTimeUpdate) refers to bsp_dwt.o(.bss.DWT_SysTimeUpdate.CNT_TEMP3) for DWT_SysTimeUpdate.CNT_TEMP3
    bsp_dwt.o(.text.DWT_SysTimeUpdate) refers to bsp_dwt.o(.bss.CPU_FREQ_Hz_us) for CPU_FREQ_Hz_us
    bsp_dwt.o(.ARM.exidx.text.DWT_SysTimeUpdate) refers to bsp_dwt.o(.text.DWT_SysTimeUpdate) for [Anonymous Symbol]
    bsp_dwt.o(.text.DWT_GetTimeline_s) refers to bsp_dwt.o(.text.DWT_SysTimeUpdate) for DWT_SysTimeUpdate
    bsp_dwt.o(.text.DWT_GetTimeline_s) refers to bsp_dwt.o(.bss.SysTime) for SysTime
    bsp_dwt.o(.ARM.exidx.text.DWT_GetTimeline_s) refers to bsp_dwt.o(.text.DWT_GetTimeline_s) for [Anonymous Symbol]
    bsp_dwt.o(.text.DWT_GetTimeline_ms) refers to bsp_dwt.o(.text.DWT_SysTimeUpdate) for DWT_SysTimeUpdate
    bsp_dwt.o(.text.DWT_GetTimeline_ms) refers to bsp_dwt.o(.bss.SysTime) for SysTime
    bsp_dwt.o(.ARM.exidx.text.DWT_GetTimeline_ms) refers to bsp_dwt.o(.text.DWT_GetTimeline_ms) for [Anonymous Symbol]
    bsp_dwt.o(.text.DWT_GetTimeline_us) refers to bsp_dwt.o(.text.DWT_SysTimeUpdate) for DWT_SysTimeUpdate
    bsp_dwt.o(.text.DWT_GetTimeline_us) refers to bsp_dwt.o(.bss.SysTime) for SysTime
    bsp_dwt.o(.ARM.exidx.text.DWT_GetTimeline_us) refers to bsp_dwt.o(.text.DWT_GetTimeline_us) for [Anonymous Symbol]
    bsp_dwt.o(.text.DWT_Delay) refers to bsp_dwt.o(.bss.CPU_FREQ_Hz) for CPU_FREQ_Hz
    bsp_dwt.o(.ARM.exidx.text.DWT_Delay) refers to bsp_dwt.o(.text.DWT_Delay) for [Anonymous Symbol]
    ffc.o(.text.Feedforward_Init) refers to user_lib.o(.text.OLS_Init) for OLS_Init
    ffc.o(.ARM.exidx.text.Feedforward_Init) refers to ffc.o(.text.Feedforward_Init) for [Anonymous Symbol]
    ffc.o(.text.Feedforward_Calculate) refers to bsp_dwt.o(.text.DWT_GetDeltaT) for DWT_GetDeltaT
    ffc.o(.text.Feedforward_Calculate) refers to user_lib.o(.text.OLS_Derivative) for OLS_Derivative
    ffc.o(.text.Feedforward_Calculate) refers to user_lib.o(.text.float_constrain) for float_constrain
    ffc.o(.ARM.exidx.text.Feedforward_Calculate) refers to ffc.o(.text.Feedforward_Calculate) for [Anonymous Symbol]
    rui_can.o(.text.CAN_Filter_Init) refers to rui_can.o(.bss.CAN_FilterInitStrt) for CAN_FilterInitStrt
    rui_can.o(.text.CAN_Filter_Init) refers to can.o(.bss.hcan1) for hcan1
    rui_can.o(.text.CAN_Filter_Init) refers to stm32f4xx_hal_can.o(.text.HAL_CAN_ConfigFilter) for HAL_CAN_ConfigFilter
[...]
    MPU_MOTOR_PID_ONE_2006RM                 0x08004b31   Thumb Code   250  rui_pid.o(.text.MPU_MOTOR_PID_ONE_2006RM)
    MX_CAN1_Init                             0x08004c2d   Thumb Code    78  can.o(.text.MX_CAN1_Init)
    MX_CAN2_Init                             0x08004c7d   Thumb Code    78  can.o(.text.MX_CAN2_Init)
    MX_CRC_Init                              0x08004ccd   Thumb Code    36  crc.o(.text.MX_CRC_Init)
    MX_DMA_Init                              0x08004cf1   Thumb Code   152  dma.o(.text.MX_DMA_Init)
    MX_FREERTOS_Init                         0x08004d89   Thumb Code   134  freertos.o(.text.MX_FREERTOS_Init)
    MX_GPIO_Init                             0x08004e11   Thumb Code   428  gpio.o(.text.MX_GPIO_Init)
    MX_TIM10_Init                            0x08004fbd   Thumb Code    56  tim.o(.text.MX_TIM10_Init)
    MX_TIM11_Init                            0x08004ff5   Thumb Code    56  tim.o(.text.MX_TIM11_Init)
    MX_TIM12_Init                            0x0800502d   Thumb Code   148  tim.o(.text.MX_TIM12_Init)
    MX_TIM9_Init                             0x080050c1   Thumb Code    98  tim.o(.text.MX_TIM9_Init)
    MX_UART4_Init                            0x08005125   Thumb Code    82  usart.o(.text.MX_UART4_Init)
    MX_UART7_Init                            0x08005179   Thumb Code    64  usart.o(.text.MX_UART7_Init)
    MX_USART1_UART_Init                      0x080051b9   Thumb Code    86  usart.o(.text.MX_USART1_UART_Init)
    MX_USART2_UART_Init                      0x08005211   Thumb Code    82  usart.o(.text.MX_USART2_UART_Init)
    MemManage_Handler                        0x08005265   Thumb Code     4  stm32f4xx_it.o(.text.MemManage_Handler)
    NMI_Handler                              0x08005269   Thumb Code     4  stm32f4xx_it.o(.text.NMI_Handler)
    OLS_Derivative                           0x080052d9   Thumb Code   706  user_lib.o(.text.OLS_Derivative)
    OLS_Init                                 0x0800559d   Thumb Code   132  user_lib.o(.text.OLS_Init)
    OneFilter                                0x08005621   Thumb Code   176  rui_dbus.o(.text.OneFilter)
    One_Back_task                            0x080056d1   Thumb Code   264  reset_task.o(.text.One_Back_task)
    One_Goid_ore_task                        0x080057d9   Thumb Code  1316  goid_ore_task.o(.text.One_Goid_ore_task)
    One_Goid_ore_task_Other                  0x08005cfd   Thumb Code  1392  goid_ore_task.o(.text.One_Goid_ore_task_Other)
    One_Reset_task                           0x0800626d   Thumb Code   262  reset_task.o(.text.One_Reset_task)
    One_Silver_ore_task                      0x08006375   Thumb Code  1352  silver_ore_task.o(.text.One_Silver_ore_task)
    One_exchange_task                        0x080068bd   Thumb Code  1004  exchange_task.o(.text.One_exchange_task)
    PendSV_Handler                           0x08006cb1   Thumb Code   100  port.o(.text.PendSV_Handler)
    RUI_F_CAN_SEDN                           0x08006d15   Thumb Code   194  rui_can.o(.text.RUI_F_CAN_SEDN)
    RUI_F_DUBSTOCONTAL                       0x08006dd9   Thumb Code  1432  rui_dbus.o(.text.RUI_F_DUBSTOCONTAL)
    RUI_F_DUBS_Resovled                      0x08007371   Thumb Code  3124  rui_dbus.o(.text.RUI_F_DUBS_Resovled)
    RUI_F_HEAD_AIM_INIT                      0x08007fa5   Thumb Code   284  head_task.o(.text.RUI_F_HEAD_AIM_INIT)
    RUI_F_HEAD_MOTOR3508_STUCK               0x080080c1   Thumb Code   120  rui_motor.o(.text.RUI_F_HEAD_MOTOR3508_STUCK)
    RUI_F_HEAD_MOTOR_CLEAR                   0x08008139   Thumb Code    34  rui_motor.o(.text.RUI_F_HEAD_MOTOR_CLEAR)
    RUI_F_KEY_STATUS                         0x0800815d   Thumb Code    80  rui_dbus.o(.text.RUI_F_KEY_STATUS)
    RUI_F_LED                                0x080081ad   Thumb Code   260  rui_root_init.o(.text.RUI_F_LED)
    RUI_F_LED_SHOW_STATUS                    0x080082b1   Thumb Code   520  rui_root_init.o(.text.RUI_F_LED_SHOW_STATUS)
    RUI_F_MASTER_COMMUNICATION               0x080084b9   Thumb Code   190  rui_root_init.o(.text.RUI_F_MASTER_COMMUNICATION)
    RUI_F_MASTER_LOCATION_JUDGE              0x08008579   Thumb Code    14  rui_root_init.o(.text.RUI_F_MASTER_LOCATION_JUDGE)
    RUI_F_MATH_ABS_float                     0x08008589   Thumb Code    26  rui_math.o(.text.RUI_F_MATH_ABS_float)
    RUI_F_MATH_Limit_float                   0x080085a5   Thumb Code   102  rui_math.o(.text.RUI_F_MATH_Limit_float)
    RUI_F_MOTOR_CAN_RX_2006RM                0x0800860d   Thumb Code   214  rui_motor.o(.text.RUI_F_MOTOR_CAN_RX_2006RM)
    RUI_F_MOTOR_CAN_RX_3508RM                0x080086e5   Thumb Code   222  rui_motor.o(.text.RUI_F_MOTOR_CAN_RX_3508RM)
    RUI_F_MOTOR_PID_COMMON_INIT              0x080087c5   Thumb Code   242  rui_pid.o(.text.RUI_F_MOTOR_PID_COMMON_INIT)
    RUI_F_MOTOR_PID_HEAD_INIT                0x080088b9   Thumb Code  1008  rui_pid.o(.text.RUI_F_MOTOR_PID_HEAD_INIT)
    RUI_F_MOTOR_PID_TWO_3508RM               0x08008ca9   Thumb Code   472  rui_pid.o(.text.RUI_F_MOTOR_PID_TWO_3508RM)
    RUI_F_MOTOR_STATUS                       0x08008e81   Thumb Code    52  rui_root_init.o(.text.RUI_F_MOTOR_STATUS)
    RUI_F_ROOT                               0x08008eb5   Thumb Code    20  rui_root_init.o(.text.RUI_F_ROOT)
    RUI_F_ROOT_ALL_STATUS                    0x08008ec9   Thumb Code   300  rui_root_init.o(.text.RUI_F_ROOT_ALL_STATUS)
    RUI_F_TOTAL_CONTRAL                      0x08008ff5   Thumb Code    58  head_task.o(.text.RUI_F_TOTAL_CONTRAL)
    SVC_Handler                              0x08009031   Thumb Code    36  port.o(.text.SVC_Handler)
    Start_head                               0x08009055   Thumb Code    20  freertos.o(.text.Start_head)
    Start_read                               0x08009069   Thumb Code    48  freertos.o(.text.Start_read)
    SysTick_Handler                          0x08009099   Thumb Code    60  port.o(.text.SysTick_Handler)
    SystemClock_Config                       0x080090d5   Thumb Code   202  main.o(.text.SystemClock_Config)
    SystemInit                               0x080091a1   Thumb Code    18  system_stm32f4xx.o(.text.SystemInit)
    TIM1_BRK_TIM9_IRQHandler                 0x080091b5   Thumb Code    16  stm32f4xx_it.o(.text.TIM1_BRK_TIM9_IRQHandler)
    TIM1_TRG_COM_TIM11_IRQHandler            0x080091c5   Thumb Code    16  stm32f4xx_it.o(.text.TIM1_TRG_COM_TIM11_IRQHandler)
    TIM1_UP_TIM10_IRQHandler                 0x080091d5   Thumb Code    16  stm32f4xx_it.o(.text.TIM1_UP_TIM10_IRQHandler)
    TIM2_IRQHandler                          0x080091e5   Thumb Code    16  stm32f4xx_it.o(.text.TIM2_IRQHandler)
    TIM_Base_SetConfig                       0x080091f5   Thumb Code   410  stm32f4xx_hal_tim.o(.text.TIM_Base_SetConfig)
    TIM_CCxChannelCmd                        0x08009391   Thumb Code    54  stm32f4xx_hal_tim.o(.text.TIM_CCxChannelCmd)
    TIM_ETR_SetConfig                        0x080093c9   Thumb Code    52  stm32f4xx_hal_tim.o(.text.TIM_ETR_SetConfig)
    TIM_OC2_SetConfig                        0x08009515   Thumb Code   244  stm32f4xx_hal_tim.o(.text.TIM_OC2_SetConfig)
    UART4_IRQHandler                         0x08009845   Thumb Code   162  stm32f4xx_it.o(.text.UART4_IRQHandler)
    UART7_IRQHandler                         0x080098e9   Thumb Code    16  stm32f4xx_it.o(.text.UART7_IRQHandler)
    UART_Start_Receive_DMA                   0x08009edd   Thumb Code   280  stm32f4xx_hal_uart.o(.text.UART_Start_Receive_DMA)
    USART1_IRQHandler                        0x0800a089   Thumb Code   114  stm32f4xx_it.o(.text.USART1_IRQHandler)
    USART2_IRQHandler                        0x0800a0fd   Thumb Code    16  stm32f4xx_it.o(.text.USART2_IRQHandler)
    UsageFault_Handler                       0x0800a10d   Thumb Code     4  stm32f4xx_it.o(.text.UsageFault_Handler)
    WHW_F_HEAD_MOTOR_SIT                     0x0800a111   Thumb Code    42  rui_motor.o(.text.WHW_F_HEAD_MOTOR_SIT)
    WHW_F_MOTOR_CAN_RX_6020RM                0x0800a13d   Thumb Code   206  rui_motor.o(.text.WHW_F_MOTOR_CAN_RX_6020RM)
    float_constrain                          0x0800a2cd   Thumb Code    80  user_lib.o(.text.float_constrain)
    heading                                  0x0800a321   Thumb Code  2424  head_task.o(.text.heading)
    kernel_run                               0x0800ac99   Thumb Code  1412  kernel.o(.text.kernel_run)
    main                                     0x0800b21d   Thumb Code   264  main.o(.text.main)
    osDelay                                  0x0800b34d   Thumb Code    40  cmsis_os.o(.text.osDelay)
    osKernelStart                            0x0800b375   Thumb Code    10  cmsis_os.o(.text.osKernelStart)
    osThreadCreate                           0x0800b381   Thumb Code   172  cmsis_os.o(.text.osThreadCreate)
    pvPortMalloc                             0x0800c2a9   Thumb Code   492  heap_4.o(.text.pvPortMalloc)
    pxPortInitialiseStack                    0x0800c495   Thumb Code    94  port.o(.text.pxPortInitialiseStack)
    uxListRemove                             0x0800c4f5   Thumb Code    72  list.o(.text.uxListRemove)
    vApplicationGetIdleTaskMemory            0x0800c53d   Thumb Code    42  freertos.o(.text.vApplicationGetIdleTaskMemory)
    vApplicationGetTimerTaskMemory           0x0800c569   Thumb Code    44  freertos.o(.text.vApplicationGetTimerTaskMemory)
    vListInitialise                          0x0800c595   Thumb Code    46  list.o(.text.vListInitialise)
    vListInitialiseItem                      0x0800c5c5   Thumb Code    14  list.o(.text.vListInitialiseItem)
    vListInsert                              0x0800c5d5   Thumb Code   106  list.o(.text.vListInsert)
    vListInsertEnd                           0x0800c641   Thumb Code    58  list.o(.text.vListInsertEnd)
    vPortEnterCritical                       0x0800c691   Thumb Code    86  port.o(.text.vPortEnterCritical)
    vPortExitCritical                        0x0800c6e9   Thumb Code    74  port.o(.text.vPortExitCritical)
    vPortFree                                0x0800c735   Thumb Code   206  heap_4.o(.text.vPortFree)
    vPortSetupTimerInterrupt                 0x0800c805   Thumb Code    68  port.o(.text.vPortSetupTimerInterrupt)
    vPortValidateInterruptPriority           0x0800c849   Thumb Code   132  port.o(.text.vPortValidateInterruptPriority)
    vQueueAddToRegistry                      0x0800c8cd   Thumb Code    82  queue.o(.text.vQueueAddToRegistry)
    vQueueWaitForMessageRestricted           0x0800c921   Thumb Code   100  queue.o(.text.vQueueWaitForMessageRestricted)
    vTaskDelay                               0x0800c985   Thumb Code   110  tasks.o(.text.vTaskDelay)
    vTaskInternalSetTimeOutState             0x0800c9f5   Thumb Code    36  tasks.o(.text.vTaskInternalSetTimeOutState)
    vTaskMissedYield                         0x0800ca19   Thumb Code    14  tasks.o(.text.vTaskMissedYield)
    vTaskPlaceOnEventList                    0x0800ca29   Thumb Code    66  tasks.o(.text.vTaskPlaceOnEventList)
    vTaskPlaceOnEventListRestricted          0x0800ca6d   Thumb Code    82  tasks.o(.text.vTaskPlaceOnEventListRestricted)
    vTaskStartScheduler                      0x0800cac1   Thumb Code   224  tasks.o(.text.vTaskStartScheduler)
    vTaskSuspendAll                          0x0800cba1   Thumb Code    16  tasks.o(.text.vTaskSuspendAll)
    vTaskSwitchContext                       0x0800cbb1   Thumb Code   190  tasks.o(.text.vTaskSwitchContext)
    xPortStartScheduler                      0x0800cc71   Thumb Code   342  port.o(.text.xPortStartScheduler)
    xQueueGenericCreateStatic                0x0800cdc9   Thumb Code   270  queue.o(.text.xQueueGenericCreateStatic)
    xQueueGenericReset                       0x0800ced9   Thumb Code   186  queue.o(.text.xQueueGenericReset)
    xQueueGenericSend                        0x0800cf95   Thumb Code   556  queue.o(.text.xQueueGenericSend)
    xQueueGenericSendFromISR                 0x0800d1c1   Thumb Code   332  queue.o(.text.xQueueGenericSendFromISR)
    xQueueReceive                            0x0800d30d   Thumb Code   476  queue.o(.text.xQueueReceive)
    xTaskCheckForTimeOut                     0x0800d4e9   Thumb Code   204  tasks.o(.text.xTaskCheckForTimeOut)
    xTaskCreate                              0x0800d5b5   Thumb Code   158  tasks.o(.text.xTaskCreate)
    xTaskCreateStatic                        0x0800d655   Thumb Code   206  tasks.o(.text.xTaskCreateStatic)
    xTaskGetSchedulerState                   0x0800d725   Thumb Code    56  tasks.o(.text.xTaskGetSchedulerState)
    xTaskGetTickCount                        0x0800d75d   Thumb Code    20  tasks.o(.text.xTaskGetTickCount)
    xTaskIncrementTick                       0x0800d771   Thumb Code   440  tasks.o(.text.xTaskIncrementTick)
    xTaskPriorityDisinherit                  0x0800d929   Thumb Code   280  tasks.o(.text.xTaskPriorityDisinherit)
    xTaskRemoveFromEventList                 0x0800da41   Thumb Code   194  tasks.o(.text.xTaskRemoveFromEventList)
    xTaskResumeAll                           0x0800db05   Thumb Code   376  tasks.o(.text.xTaskResumeAll)
    xTimerCreateTimerTask                    0x0800dc7d   Thumb Code   148  timers.o(.text.xTimerCreateTimerTask)
    xTimerGenericCommand                     0x0800dd11   Thumb Code   176  timers.o(.text.xTimerGenericCommand)
    __aeabi_d2f                              0x0800ddc1   Thumb Code     0  d2f.o(x$fpl$d2f)
    _d2f                                     0x0800ddc1   Thumb Code    98  d2f.o(x$fpl$d2f)
    __aeabi_dadd                             0x0800de25   Thumb Code     0  daddsub_clz.o(x$fpl$dadd)
    _dadd                                    0x0800de25   Thumb Code   332  daddsub_clz.o(x$fpl$dadd)
    __aeabi_dmul                             0x0800df75   Thumb Code     0  dmul.o(x$fpl$dmul)
    _dmul                                    0x0800df75   Thumb Code   332  dmul.o(x$fpl$dmul)
    __fpl_dnaninf                            0x0800e0c9   Thumb Code   156  dnaninf.o(x$fpl$dnaninf)
    __fpl_dretinf                            0x0800e165   Thumb Code    12  dretinf.o(x$fpl$dretinf)
    __aeabi_dsub                             0x0800e171   Thumb Code     0  daddsub_clz.o(x$fpl$dsub)
    _dsub                                    0x0800e171   Thumb Code   472  daddsub_clz.o(x$fpl$dsub)
    __aeabi_f2d                              0x0800e34d   Thumb Code     0  f2d.o(x$fpl$f2d)
    _f2d                                     0x0800e34d   Thumb Code    86  f2d.o(x$fpl$f2d)
    __aeabi_ul2f                             0x0800e3a3   Thumb Code     0  ffltll_clz.o(x$fpl$ffltll)
    _ll_uto_f                                0x0800e3a3   Thumb Code     6  ffltll_clz.o(x$fpl$ffltll)
    __aeabi_l2f                              0x0800e3a9   Thumb Code     0  ffltll_clz.o(x$fpl$ffltll)
    _ll_sto_f                                0x0800e3a9   Thumb Code    90  ffltll_clz.o(x$fpl$ffltll)
    __fpl_fnaninf                            0x0800e403   Thumb Code   140  fnaninf.o(x$fpl$fnaninf)
    _fp_init                                 0x0800e48f   Thumb Code    26  fpinit.o(x$fpl$fpinit)
    __fplib_config_fpu_vfp                   0x0800e4a7   Thumb Code     0  fpinit.o(x$fpl$fpinit)
    __fplib_config_pureend_doubles           0x0800e4a7   Thumb Code     0  fpinit.o(x$fpl$fpinit)
    __fpl_fretinf                            0x0800e4a9   Thumb Code    10  fretinf.o(x$fpl$fretinf)
    __I$use$fp                               0x0800e4b2   Number         0  usenofp.o(x$fpl$usenofp)
    AHBPrescTable                            0x0800e604   Data          16  system_stm32f4xx.o(.rodata.AHBPrescTable)
    APBPrescTable                            0x0800e614   Data           8  system_stm32f4xx.o(.rodata.APBPrescTable)
    Region$$Table$$Base                      0x0800e64c   Number         0  anon$$obj.o(Region$$Table)
    Region$$Table$$Limit                     0x0800e66c   Number         0  anon$$obj.o(Region$$Table)
    SystemCoreClock                          0x20000028   Data           4  system_stm32f4xx.o(.data.SystemCoreClock)
    uwTickFreq                               0x20000048   Data           1  stm32f4xx_hal.o(.data.uwTickFreq)
    uwTickPrio                               0x2000004c   Data           4  stm32f4xx_hal.o(.data.uwTickPrio)
    __libspace_start                         0x20000058   Data          96  libspace.o(.bss)
    CAN_FilterInitStrt                       0x200000b8   Data          40  rui_can.o(.bss.CAN_FilterInitStrt)
    __temporary_stack_top$libspace           0x200000b8   Data           0  libspace.o(.bss)
    DBUS_RX_DATA                             0x200000f4   Data          19  rui_dbus.o(.bss.DBUS_RX_DATA)
    FFC_ALL                                  0x20000108   Data         864  ffc.o(.bss.FFC_ALL)
    Micro                                    0x2000046c   Data           4  rui_dbus.o(.bss.Micro)
    One_flag_1                               0x20000474   Data           1  silver_ore_task.o(.bss.One_flag_1)
    One_flag_2                               0x20000475   Data           1  goid_ore_task.o(.bss.One_flag_2)
    One_flag_3                               0x20000476   Data           1  exchange_task.o(.bss.One_flag_3)
    One_flag_4                               0x20000477   Data           1  goid_ore_task.o(.bss.One_flag_4)
    P_Angle                                  0x20000478   Data           4  rui_motor.o(.bss.P_Angle)
    RUI_ROOT                                 0x20000490   Data          13  rui_root_init.o(.bss.RUI_ROOT)
    RUI_V_COMMUNICATION                      0x2000049d   Data           9  rui_root_init.o(.bss.RUI_V_COMMUNICATION)
    RUI_V_CONTAL                             0x200004a8   Data          76  rui_dbus.o(.bss.RUI_V_CONTAL)
    RUI_V_CONTAL_Last                        0x200004f4   Data          76  rui_dbus.o(.bss.RUI_V_CONTAL_Last)
    RUI_V_Crotral_ONLINE_JUDGE_TIME          0x20000540   Data           1  rui_dbus.o(.bss.RUI_V_Crotral_ONLINE_JUDGE_TIME)
    RUI_V_DBUS                               0x20000544   Data          72  rui_dbus.o(.bss.RUI_V_DBUS)
    RUI_V_DBUS_ONLINE_JUDGE_TIME             0x2000058c   Data           1  rui_dbus.o(.bss.RUI_V_DBUS_ONLINE_JUDGE_TIME)
    RUI_V_MOTOR_Camera                       0x20000590   Data         184  rui_motor.o(.bss.RUI_V_MOTOR_Camera)
    RUI_V_MOTOR_HORIZONTAL_L                 0x20000648   Data         184  rui_motor.o(.bss.RUI_V_MOTOR_HORIZONTAL_L)
    RUI_V_MOTOR_HORIZONTAL_R                 0x20000700   Data         184  rui_motor.o(.bss.RUI_V_MOTOR_HORIZONTAL_R)
    RUI_V_MOTOR_LIFT_L                       0x200007b8   Data         184  rui_motor.o(.bss.RUI_V_MOTOR_LIFT_L)
    RUI_V_MOTOR_LIFT_R                       0x20000870   Data         184  rui_motor.o(.bss.RUI_V_MOTOR_LIFT_R)
    RUI_V_MOTOR_Left                         0x20000928   Data         184  rui_motor.o(.bss.RUI_V_MOTOR_Left)
    RUI_V_MOTOR_Pitch                        0x200009e0   Data         184  rui_motor.o(.bss.RUI_V_MOTOR_Pitch)
    RUI_V_MOTOR_Right                        0x20000a98   Data         184  rui_motor.o(.bss.RUI_V_MOTOR_Right)
    RUI_V_MOTOR_Roll                         0x20000b50   Data         184  rui_motor.o(.bss.RUI_V_MOTOR_Roll)
    RUI_V_MOTOR_SWAY                         0x20000c08   Data         184  rui_motor.o(.bss.RUI_V_MOTOR_SWAY)
    RUI_V_MOTOR_Yaw                          0x20000cc0   Data         184  rui_motor.o(.bss.RUI_V_MOTOR_Yaw)
    R_Angle                                  0x20000d78   Data           4  rui_motor.o(.bss.R_Angle)
    can_rx                                   0x20000d7c   Data          28  rui_can.o(.bss.can_rx)
    flag                                     0x20000d98   Data           1  main.o(.bss.flag)
    hcan1                                    0x20000d9c   Data          40  can.o(.bss.hcan1)
    hcan2                                    0x20000dc4   Data          40  can.o(.bss.hcan2)
    hcrc                                     0x20000dec   Data           8  crc.o(.bss.hcrc)
    hdma_uart4_rx                            0x20000df4   Data          96  usart.o(.bss.hdma_uart4_rx)
    hdma_usart1_rx                           0x20000e54   Data          96  usart.o(.bss.hdma_usart1_rx)
    hdma_usart2_rx                           0x20000eb4   Data          96  usart.o(.bss.hdma_usart2_rx)
    hdma_usart2_tx                           0x20000f14   Data          96  usart.o(.bss.hdma_usart2_tx)
    head_taskHandle                          0x20000f74   Data           4  freertos.o(.bss.head_taskHandle)
    htim10                                   0x20000f7c   Data          72  tim.o(.bss.htim10)
    htim11                                   0x20000fc4   Data          72  tim.o(.bss.htim11)
    htim12                                   0x2000100c   Data          72  tim.o(.bss.htim12)
    htim2                                    0x20001054   Data          72  stm32f4xx_hal_timebase_tim.o(.bss.htim2)
    htim9                                    0x2000109c   Data          72  tim.o(.bss.htim9)
    huart1                                   0x200010e4   Data          68  usart.o(.bss.huart1)
    huart2                                   0x20001128   Data          68  usart.o(.bss.huart2)
    huart4                                   0x2000116c   Data          68  usart.o(.bss.huart4)
    huart7                                   0x200011b0   Data          68  usart.o(.bss.huart7)
    pxCurrentTCB                             0x200012c0   Data           4  tasks.o(.bss.pxCurrentTCB)
    read_taskHandle                          0x20001364   Data           4  freertos.o(.bss.read_taskHandle)
    receive                                  0x20001368   Data          39  rui_dbus.o(.bss.receive)
    receive_last                             0x2000138f   Data          39  rui_dbus.o(.bss.receive_last)
    rx_data                                  0x200013b6   Data           8  rui_can.o(.bss.rx_data)
    temp_a                                   0x200013c0   Data           4  kernel.o(.bss.temp_a)
    temp_hand                                0x200013c4   Data           4  kernel.o(.bss.temp_hand)
    uwTick                                   0x200025d0   Data           4  stm32f4xx_hal.o(.bss.uwTick)
    xQueueRegistry                           0x200028cc   Data          64  queue.o(.bss.xQueueRegistry)



==============================================================================

Memory Map of the image

  Image Entry point : 0x080001ad

  Load Region LR_IROM1 (Base: 0x08000000, Size: 0x0000e6c8, Max: 0x00200000, ABSOLUTE)

    Execution Region ER_IROM1 (Exec base: 0x08000000, Load base: 0x08000000, Size: 0x0000e66c, Max: 0x00200000, ABSOLUTE)

    Exec Addr    Load Addr    Size         Type   Attr      Idx    E Section Name        Object

    0x08000000   0x08000000   0x000001ac   Data   RO         1642    RESET               startup_stm32f427xx.o
    0x080001ac   0x080001ac   0x00000008   Code   RO         2263  * !!!main             c_w.l(__main.o)
    0x080001b4   0x080001b4   0x00000034   Code   RO         2473    !!!scatter          c_w.l(__scatter.o)
    0x080001e8   0x080001e8   0x0000001a   Code   RO         2475    !!handler_copy      c_w.l(__scatter_copy.o)
    0x08000202   0x08000202   0x00000002   PAD
    0x08000204   0x08000204   0x0000001c   Code   RO         2477    !!handler_zi        c_w.l(__scatter_zi.o)
    0x08000220   0x08000220   0x00000002   Code   RO         2335    .ARM.Collect$$libinit$$00000000  c_w.l(libinit.o)
    0x08000222   0x08000222   0x00000004   Code   RO         2347    .ARM.Collect$$libinit$$00000001  c_w.l(libinit2.o)
    0x08000226   0x08000226   0x00000000   Code   RO         2350    .ARM.Collect$$libinit$$00000004  c_w.l(libinit2.o)
    0x08000226   0x08000226   0x00000000   Code   RO         2352    .ARM.Collect$$libinit$$00000006  c_w.l(libinit2.o)
    0x08000226   0x08000226   0x00000000   Code   RO         2355    .ARM.Collect$$libinit$$0000000C  c_w.l(libinit2.o)
    0x08000226   0x08000226   0x00000000   Code   RO         2357    .ARM.Collect$$libinit$$0000000E  c_w.l(libinit2.o)
    0x08000226   0x08000226   0x00000000   Code   RO         2359    .ARM.Collect$$libinit$$00000010  c_w.l(libinit2.o)
    0x08000226   0x08000226   0x00000000   Code   RO         2362    .ARM.Collect$$libinit$$00000013  c_w.l(libinit2.o)
    0x08000226   0x08000226   0x00000000   Code   RO         2364    .ARM.Collect$$libinit$$00000015  c_w.l(libinit2.o)
    0x08000226   0x08000226   0x00000000   Code   RO         2366    .ARM.Collect$$libinit$$00000017  c_w.l(libinit2.o)
    0x08000226   0x08000226   0x00000000   Code   RO         2368    .ARM.Collect$$libinit$$00000019  c_w.l(libinit2.o)
    0x08000226   0x08000226   0x00000000   Code   RO         2370    .ARM.Collect$$libinit$$0000001B  c_w.l(libinit2.o)
    0x08000226   0x08000226   0x00000000   Code   RO         2372    .ARM.Collect$$libinit$$0000001D  c_w.l(libinit2.o)
    0x08000226   0x08000226   0x00000000   Code   RO         2374    .ARM.Collect$$libinit$$0000001F  c_w.l(libinit2.o)
    0x08000226   0x08000226   0x00000000   Code   RO         2376    .ARM.Collect$$libinit$$00000021  c_w.l(libinit2.o)
    0x08000226   0x08000226   0x00000000   Code   RO         2378    .ARM.Collect$$libinit$$00000023  c_w.l(libinit2.o)
    0x08000226   0x08000226   0x00000000   Code   RO         2380    .ARM.Collect$$libinit$$00000025  c_w.l(libinit2.o)
    0x08000226   0x08000226   0x00000000   Code   RO         2382    .ARM.Collect$$libinit$$00000027  c_w.l(libinit2.o)
    0x08000226   0x08000226   0x00000000   Code   RO         2386    .ARM.Collect$$libinit$$0000002E  c_w.l(libinit2.o)
    0x08000226   0x08000226   0x00000000   Code   RO         2388    .ARM.Collect$$libinit$$00000030  c_w.l(libinit2.o)
    0x08000226   0x08000226   0x00000000   Code   RO         2390    .ARM.Collect$$libinit$$00000032  c_w.l(libinit2.o)
    0x08000226   0x08000226   0x00000000   Code   RO         2392    .ARM.Collect$$libinit$$00000034  c_w.l(libinit2.o)
    0x08000226   0x08000226   0x00000002   Code   RO         2393    .ARM.Collect$$libinit$$00000035  c_w.l(libinit2.o)
    0x08000228   0x08000228   0x00000002   Code   RO         2428    .ARM.Collect$$libshutdown$$00000000  c_w.l(libshutdown.o)
    0x0800022a   0x0800022a   0x00000000   Code   RO         2456    .ARM.Collect$$libshutdown$$00000002  c_w.l(libshutdown2.o)
    0x0800022a   0x0800022a   0x00000000   Code   RO         2458    .ARM.Collect$$libshutdown$$00000004  c_w.l(libshutdown2.o)
    0x0800022a   0x0800022a   0x00000000   Code   RO         2461    .ARM.Collect$$libshutdown$$00000007  c_w.l(libshutdown2.o)
    0x0800022a   0x0800022a   0x00000000   Code   RO         2464    .ARM.Collect$$libshutdown$$0000000A  c_w.l(libshutdown2.o)
    0x0800022a   0x0800022a   0x00000000   Code   RO         2466    .ARM.Collect$$libshutdown$$0000000C  c_w.l(libshutdown2.o)
    0x0800022a   0x0800022a   0x00000000   Code   RO         2469    .ARM.Collect$$libshutdown$$0000000F  c_w.l(libshutdown2.o)
    0x0800022a   0x0800022a   0x00000002   Code   RO         2470    .ARM.Collect$$libshutdown$$00000010  c_w.l(libshutdown2.o)
    0x0800022c   0x0800022c   0x00000000   Code   RO         2289    .ARM.Collect$$rtentry$$00000000  c_w.l(__rtentry.o)
    0x0800022c   0x0800022c   0x00000000   Code   RO         2306    .ARM.Collect$$rtentry$$00000002  c_w.l(__rtentry2.o)
    0x0800022c   0x0800022c   0x00000006   Code   RO         2318    .ARM.Collect$$rtentry$$00000004  c_w.l(__rtentry4.o)
    0x08000232   0x08000232   0x00000000   Code   RO         2308    .ARM.Collect$$rtentry$$00000009  c_w.l(__rtentry2.o)
    0x08000232   0x08000232   0x00000004   Code   RO         2309    .ARM.Collect$$rtentry$$0000000A  c_w.l(__rtentry2.o)
    0x08000236   0x08000236   0x00000000   Code   RO         2311    .ARM.Collect$$rtentry$$0000000C  c_w.l(__rtentry2.o)
    0x08000236   0x08000236   0x00000008   Code   RO         2312    .ARM.Collect$$rtentry$$0000000D  c_w.l(__rtentry2.o)
    0x0800023e   0x0800023e   0x00000002   Code   RO         2339    .ARM.Collect$$rtexit$$00000000  c_w.l(rtexit.o)
    0x08000240   0x08000240   0x00000000   Code   RO         2399    .ARM.Collect$$rtexit$$00000002  c_w.l(rtexit2.o)
    0x08000240   0x08000240   0x00000004   Code   RO         2400    .ARM.Collect$$rtexit$$00000003  c_w.l(rtexit2.o)
    0x08000244   0x08000244   0x00000006   Code   RO         2401    .ARM.Collect$$rtexit$$00000004  c_w.l(rtexit2.o)
    0x0800024a   0x0800024a   0x00000002   PAD
    0x0800024c   0x0800024c   0x00000040   Code   RO         1643    .text               startup_stm32f427xx.o
    0x0800028c   0x0800028c   0x000000f0   Code   RO         2249    .text               c_w.l(lludivv7m.o)
    0x0800037c   0x0800037c   0x0000008a   Code   RO         2251    .text               c_w.l(rt_memcpy_v6.o)
    0x08000406   0x08000406   0x00000010   Code   RO         2255    .text               c_w.l(aeabi_memset4.o)
    0x08000416   0x08000416   0x00000044   Code   RO         2257    .text               c_w.l(rt_memclr.o)
    0x0800045a   0x0800045a   0x0000004e   Code   RO         2259    .text               c_w.l(rt_memclr_w.o)
    0x080004a8   0x080004a8   0x00000006   Code   RO         2261    .text               c_w.l(heapauxi.o)
    0x080004ae   0x080004ae   0x00000064   Code   RO         2294    .text               c_w.l(rt_memcpy_w.o)
    0x08000512   0x08000512   0x0000004a   Code   RO         2322    .text               c_w.l(sys_stackheap_outer.o)
    0x0800055c   0x0800055c   0x00000012   Code   RO         2324    .text               c_w.l(exit.o)
    0x0800056e   0x0800056e   0x00000002   PAD
    0x08000570   0x08000570   0x00000008   Code   RO         2336    .text               c_w.l(libspace.o)
    0x08000578   0x08000578   0x0000000c   Code   RO         2394    .text               c_w.l(sys_exit.o)
    0x08000584   0x08000584   0x00000002   Code   RO         2417    .text               c_w.l(use_no_semi.o)
    0x08000586   0x08000586   0x00000000   Code   RO         2419    .text               c_w.l(indicate_semi.o)
    0x08000586   0x08000586   0x00000002   PAD
    0x08000588   0x08000588   0x00000004   Code   RO          537    .text.BusFault_Handler  stm32f4xx_it.o
    0x0800058c   0x0800058c   0x00000010   Code   RO          549    .text.CAN1_RX0_IRQHandler  stm32f4xx_it.o
    0x0800059c   0x0800059c   0x00000010   Code   RO          567    .text.CAN2_RX0_IRQHandler  stm32f4xx_it.o
    0x080005ac   0x080005ac   0x00000072   Code   RO           49    .text.CAN_Filter_Init  rui_can.o
    0x0800061e   0x0800061e   0x00000002   PAD
    0x08000620   0x08000620   0x00000010   Code   RO          543    .text.DMA1_Stream2_IRQHandler  stm32f4xx_it.o
    0x08000630   0x08000630   0x00000010   Code   RO          545    .text.DMA1_Stream5_IRQHandler  stm32f4xx_it.o
    0x08000640   0x08000640   0x00000010   Code   RO          547    .text.DMA1_Stream6_IRQHandler  stm32f4xx_it.o
    0x08000650   0x08000650   0x00000010   Code   RO          565    .text.DMA2_Stream2_IRQHandler  stm32f4xx_it.o
    0x08000660   0x08000660   0x00000056   Code   RO          877    .text.DMA_CalcBaseAndBitshift  stm32f4xx_hal_dma.o
    0x080006b6   0x080006b6   0x00000002   PAD
    0x080006b8   0x080006b8   0x000000f0   Code   RO          875    .text.DMA_CheckFifoParam  stm32f4xx_hal_dma.o
    0x080007a8   0x080007a8   0x00000050   Code   RO          883    .text.DMA_SetConfig  stm32f4xx_hal_dma.o
    0x080007f8   0x080007f8   0x00000040   Code   RO            6    .text.DWT_CNT_Update  bsp_dwt.o
    0x08000838   0x08000838   0x0000004c   Code   RO            4    .text.DWT_GetDeltaT  bsp_dwt.o
    0x08000884   0x08000884   0x00000088   Code   RO            2    .text.DWT_Init      bsp_dwt.o
    0x0800090c   0x0800090c   0x00000002   Code   RO          541    .text.DebugMon_Handler  stm32f4xx_it.o
    0x0800090e   0x0800090e   0x00000002   PAD
    0x08000910   0x08000910   0x0000000e   Code   RO          396    .text.Error_Handler  main.o
    0x0800091e   0x0800091e   0x00000002   PAD
    0x08000920   0x08000920   0x00000170   Code   RO           39    .text.Feedforward_Calculate  ffc.o
    0x08000a90   0x08000a90   0x000000b4   Code   RO           37    .text.Feedforward_Init  ffc.o
    0x08000b44   0x08000b44   0x00000052   Code   RO          634    .text.HAL_CAN_ActivateNotification  stm32f4xx_hal_can.o
    0x08000b96   0x08000b96   0x00000002   PAD
    0x08000b98   0x08000b98   0x00000170   Code   RO          620    .text.HAL_CAN_AddTxMessage  stm32f4xx_hal_can.o
    0x08000d08   0x08000d08   0x000001a4   Code   RO          610    .text.HAL_CAN_ConfigFilter  stm32f4xx_hal_can.o
    0x08000eac   0x08000eac   0x00000008   Code   RO          664    .text.HAL_CAN_ErrorCallback  stm32f4xx_hal_can.o
    0x08000eb4   0x08000eb4   0x000001f0   Code   RO          630    .text.HAL_CAN_GetRxMessage  stm32f4xx_hal_can.o
    0x080010a4   0x080010a4   0x000003f2   Code   RO          638    .text.HAL_CAN_IRQHandler  stm32f4xx_hal_can.o
    0x08001496   0x08001496   0x00000002   PAD
    0x08001498   0x08001498   0x000001de   Code   RO          600    .text.HAL_CAN_Init  stm32f4xx_hal_can.o
    0x08001676   0x08001676   0x00000002   PAD
    0x08001678   0x08001678   0x00000184   Code   RO          439    .text.HAL_CAN_MspInit  can.o
    0x080017fc   0x080017fc   0x00000008   Code   RO          652    .text.HAL_CAN_RxFifo0FullCallback  stm32f4xx_hal_can.o
    0x08001804   0x08001804   0x00000150   Code   RO           55    .text.HAL_CAN_RxFifo0MsgPendingCallback  rui_can.o
    0x08001954   0x08001954   0x00000008   Code   RO          656    .text.HAL_CAN_RxFifo1FullCallback  stm32f4xx_hal_can.o
    0x0800195c   0x0800195c   0x00000008   Code   RO          658    .text.HAL_CAN_RxFifo1MsgPendingCallback  stm32f4xx_hal_can.o
    0x08001964   0x08001964   0x00000008   Code   RO          660    .text.HAL_CAN_SleepCallback  stm32f4xx_hal_can.o
    0x0800196c   0x0800196c   0x0000008a   Code   RO          612    .text.HAL_CAN_Start  stm32f4xx_hal_can.o
    0x080019f6   0x080019f6   0x00000002   PAD
    0x080019f8   0x080019f8   0x00000008   Code   RO          642    .text.HAL_CAN_TxMailbox0AbortCallback  stm32f4xx_hal_can.o
    0x08001a00   0x08001a00   0x00000008   Code   RO          640    .text.HAL_CAN_TxMailbox0CompleteCallback  stm32f4xx_hal_can.o
    0x08001a08   0x08001a08   0x00000008   Code   RO          646    .text.HAL_CAN_TxMailbox1AbortCallback  stm32f4xx_hal_can.o
    0x08001a10   0x08001a10   0x00000008   Code   RO          644    .text.HAL_CAN_TxMailbox1CompleteCallback  stm32f4xx_hal_can.o
    0x08001a18   0x08001a18   0x00000008   Code   RO          650    .text.HAL_CAN_TxMailbox2AbortCallback  stm32f4xx_hal_can.o
    0x08001a20   0x08001a20   0x00000008   Code   RO          648    .text.HAL_CAN_TxMailbox2CompleteCallback  stm32f4xx_hal_can.o
    0x08001a28   0x08001a28   0x00000008   Code   RO          662    .text.HAL_CAN_WakeUpFromRxMsgCallback  stm32f4xx_hal_can.o
    0x08001a30   0x08001a30   0x00000040   Code   RO         1141    .text.HAL_CRC_Init  stm32f4xx_hal_crc.o
    0x08001a70   0x08001a70   0x0000003e   Code   RO          455    .text.HAL_CRC_MspInit  crc.o
    0x08001aae   0x08001aae   0x00000002   PAD
    0x08001ab0   0x08001ab0   0x000000ec   Code   RO          887    .text.HAL_DMA_Abort  stm32f4xx_hal_dma.o
    0x08001b9c   0x08001b9c   0x00000044   Code   RO          889    .text.HAL_DMA_Abort_IT  stm32f4xx_hal_dma.o
    0x08001be0   0x08001be0   0x0000031e   Code   RO          893    .text.HAL_DMA_IRQHandler  stm32f4xx_hal_dma.o
    0x08001efe   0x08001efe   0x00000002   PAD
    0x08001f00   0x08001f00   0x0000016e   Code   RO          873    .text.HAL_DMA_Init  stm32f4xx_hal_dma.o
    0x0800206e   0x0800206e   0x00000002   PAD
    0x08002070   0x08002070   0x000000c2   Code   RO          885    .text.HAL_DMA_Start_IT  stm32f4xx_hal_dma.o
    0x08002132   0x08002132   0x00000002   PAD
    0x08002134   0x08002134   0x000003ee   Code   RO          835    .text.HAL_GPIO_Init  stm32f4xx_hal_gpio.o
    0x08002522   0x08002522   0x00000002   PAD
    0x08002524   0x08002524   0x0000002e   Code   RO          839    .text.HAL_GPIO_ReadPin  stm32f4xx_hal_gpio.o
    0x08002552   0x08002552   0x00000002   PAD
    0x08002554   0x08002554   0x0000002e   Code   RO          841    .text.HAL_GPIO_WritePin  stm32f4xx_hal_gpio.o
    0x08002582   0x08002582   0x00000002   PAD
    0x08002584   0x08002584   0x0000000c   Code   RO         1060    .text.HAL_GetTick   stm32f4xx_hal.o
    0x08002590   0x08002590   0x0000001a   Code   RO         1058    .text.HAL_IncTick   stm32f4xx_hal.o
    0x080025aa   0x080025aa   0x00000002   PAD
    0x080025ac   0x080025ac   0x00000036   Code   RO         1048    .text.HAL_Init      stm32f4xx_hal.o
    0x080025e2   0x080025e2   0x00000002   PAD
    0x080025e4   0x080025e4   0x000000ec   Code   RO          586    .text.HAL_InitTick  stm32f4xx_hal_timebase_tim.o
    0x080026d0   0x080026d0   0x00000058   Code   RO          578    .text.HAL_MspInit   stm32f4xx_hal_msp.o
    0x08002728   0x08002728   0x00000014   Code   RO          989    .text.HAL_NVIC_EnableIRQ  stm32f4xx_hal_cortex.o
    0x0800273c   0x0800273c   0x00000032   Code   RO          981    .text.HAL_NVIC_SetPriority  stm32f4xx_hal_cortex.o
    0x0800276e   0x0800276e   0x00000002   PAD
    0x08002770   0x08002770   0x00000010   Code   RO          977    .text.HAL_NVIC_SetPriorityGrouping  stm32f4xx_hal_cortex.o
    0x08002780   0x08002780   0x000000be   Code   RO          964    .text.HAL_PWREx_EnableOverDrive  stm32f4xx_hal_pwr_ex.o
    0x0800283e   0x0800283e   0x00000002   PAD
    0x08002840   0x08002840   0x00000262   Code   RO          683    .text.HAL_RCC_ClockConfig  stm32f4xx_hal_rcc.o
    0x08002aa2   0x08002aa2   0x00000002   PAD
    0x08002aa4   0x08002aa4   0x00000054   Code   RO          701    .text.HAL_RCC_GetClockConfig  stm32f4xx_hal_rcc.o
    0x08002af8   0x08002af8   0x0000000c   Code   RO          693    .text.HAL_RCC_GetHCLKFreq  stm32f4xx_hal_rcc.o
    0x08002b04   0x08002b04   0x00000022   Code   RO          695    .text.HAL_RCC_GetPCLK1Freq  stm32f4xx_hal_rcc.o
    0x08002b26   0x08002b26   0x00000002   PAD
    0x08002b28   0x08002b28   0x00000022   Code   RO          697    .text.HAL_RCC_GetPCLK2Freq  stm32f4xx_hal_rcc.o
    0x08002b4a   0x08002b4a   0x00000002   PAD
    0x08002b4c   0x08002b4c   0x000000e6   Code   RO          685    .text.HAL_RCC_GetSysClockFreq  stm32f4xx_hal_rcc.o
    0x08002c32   0x08002c32   0x00000002   PAD
    0x08002c34   0x08002c34   0x000006be   Code   RO          681    .text.HAL_RCC_OscConfig  stm32f4xx_hal_rcc.o
    0x080032f2   0x080032f2   0x00000002   PAD
    0x080032f4   0x080032f4   0x00000008   Code   RO         1485    .text.HAL_TIMEx_BreakCallback  stm32f4xx_hal_tim_ex.o
    0x080032fc   0x080032fc   0x00000008   Code   RO         1481    .text.HAL_TIMEx_CommutCallback  stm32f4xx_hal_tim_ex.o
    0x08003304   0x08003304   0x0000009c   Code   RO         1162    .text.HAL_TIM_Base_Init  stm32f4xx_hal_tim.o
    0x080033a0   0x080033a0   0x000000e6   Code   RO          485    .text.HAL_TIM_Base_MspInit  tim.o
    0x08003486   0x08003486   0x00000002   PAD
    0x08003488   0x08003488   0x000000f6   Code   RO         1176    .text.HAL_TIM_Base_Start_IT  stm32f4xx_hal_tim.o
    0x0800357e   0x0800357e   0x00000002   PAD
    0x08003580   0x08003580   0x00000184   Code   RO         1354    .text.HAL_TIM_ConfigClockSource  stm32f4xx_hal_tim.o
    0x08003704   0x08003704   0x00000008   Code   RO         1298    .text.HAL_TIM_IC_CaptureCallback  stm32f4xx_hal_tim.o
    0x0800370c   0x0800370c   0x0000027a   Code   RO         1296    .text.HAL_TIM_IRQHandler  stm32f4xx_hal_tim.o
    0x08003986   0x08003986   0x00000002   PAD
    0x08003988   0x08003988   0x0000006e   Code   RO          483    .text.HAL_TIM_MspPostInit  tim.o
    0x080039f6   0x080039f6   0x00000002   PAD
    0x080039f8   0x080039f8   0x00000008   Code   RO         1300    .text.HAL_TIM_OC_DelayElapsedCallback  stm32f4xx_hal_tim.o
    0x08003a00   0x08003a00   0x00000142   Code   RO         1328    .text.HAL_TIM_PWM_ConfigChannel  stm32f4xx_hal_tim.o
    0x08003b42   0x08003b42   0x00000002   PAD
    0x08003b44   0x08003b44   0x0000009c   Code   RO         1216    .text.HAL_TIM_PWM_Init  stm32f4xx_hal_tim.o
    0x08003be0   0x08003be0   0x0000003e   Code   RO          487    .text.HAL_TIM_PWM_MspInit  tim.o
    0x08003c1e   0x08003c1e   0x00000002   PAD
    0x08003c20   0x08003c20   0x00000008   Code   RO         1302    .text.HAL_TIM_PWM_PulseFinishedCallback  stm32f4xx_hal_tim.o
    0x08003c28   0x08003c28   0x000001ca   Code   RO         1224    .text.HAL_TIM_PWM_Start  stm32f4xx_hal_tim.o
    0x08003df2   0x08003df2   0x00000002   PAD
    0x08003df4   0x08003df4   0x00000250   Code   RO          398    .text.HAL_TIM_PeriodElapsedCallback  main.o
    0x08004044   0x08004044   0x00000008   Code   RO         1306    .text.HAL_TIM_TriggerCallback  stm32f4xx_hal_tim.o
    0x0800404c   0x0800404c   0x0000000c   Code   RO         1588    .text.HAL_UARTEx_RxEventCallback  stm32f4xx_hal_uart.o
    0x08004058   0x08004058   0x000000cc   Code   RO         1542    .text.HAL_UART_DMAStop  stm32f4xx_hal_uart.o
    0x08004124   0x08004124   0x00000008   Code   RO         1586    .text.HAL_UART_ErrorCallback  stm32f4xx_hal_uart.o
    0x0800412c   0x0800412c   0x0000041e   Code   RO         1580    .text.HAL_UART_IRQHandler  stm32f4xx_hal_uart.o
    0x0800454a   0x0800454a   0x00000002   PAD
    0x0800454c   0x0800454c   0x0000009a   Code   RO         1498    .text.HAL_UART_Init  stm32f4xx_hal_uart.o
    0x080045e6   0x080045e6   0x00000002   PAD
    0x080045e8   0x080045e8   0x0000039c   Code   RO          512    .text.HAL_UART_MspInit  usart.o
    0x08004984   0x08004984   0x00000078   Code   RO         1534    .text.HAL_UART_Receive_DMA  stm32f4xx_hal_uart.o
    0x080049fc   0x080049fc   0x00000008   Code   RO         1598    .text.HAL_UART_RxCpltCallback  stm32f4xx_hal_uart.o
    0x08004a04   0x08004a04   0x00000008   Code   RO         1600    .text.HAL_UART_RxHalfCpltCallback  stm32f4xx_hal_uart.o
    0x08004a0c   0x08004a0c   0x00000110   Code   RO         1526    .text.HAL_UART_Transmit_DMA  stm32f4xx_hal_uart.o
    0x08004b1c   0x08004b1c   0x00000008   Code   RO         1594    .text.HAL_UART_TxCpltCallback  stm32f4xx_hal_uart.o
    0x08004b24   0x08004b24   0x00000008   Code   RO         1596    .text.HAL_UART_TxHalfCpltCallback  stm32f4xx_hal_uart.o
    0x08004b2c   0x08004b2c   0x00000004   Code   RO          533    .text.HardFault_Handler  stm32f4xx_it.o
    0x08004b30   0x08004b30   0x000000fa   Code   RO          140    .text.MPU_MOTOR_PID_ONE_2006RM  rui_pid.o
    0x08004c2a   0x08004c2a   0x00000002   PAD
    0x08004c2c   0x08004c2c   0x0000004e   Code   RO          435    .text.MX_CAN1_Init  can.o
    0x08004c7a   0x08004c7a   0x00000002   PAD
    0x08004c7c   0x08004c7c   0x0000004e   Code   RO          437    .text.MX_CAN2_Init  can.o
    0x08004cca   0x08004cca   0x00000002   PAD
    0x08004ccc   0x08004ccc   0x00000024   Code   RO          453    .text.MX_CRC_Init   crc.o
    0x08004cf0   0x08004cf0   0x00000098   Code   RO          467    .text.MX_DMA_Init   dma.o
    0x08004d88   0x08004d88   0x00000086   Code   RO          413    .text.MX_FREERTOS_Init  freertos.o
    0x08004e0e   0x08004e0e   0x00000002   PAD
    0x08004e10   0x08004e10   0x000001ac   Code   RO          384    .text.MX_GPIO_Init  gpio.o
    0x08004fbc   0x08004fbc   0x00000038   Code   RO          477    .text.MX_TIM10_Init  tim.o
    0x08004ff4   0x08004ff4   0x00000038   Code   RO          479    .text.MX_TIM11_Init  tim.o
    0x0800502c   0x0800502c   0x00000094   Code   RO          481    .text.MX_TIM12_Init  tim.o
    0x080050c0   0x080050c0   0x00000062   Code   RO          475    .text.MX_TIM9_Init  tim.o
    0x08005122   0x08005122   0x00000002   PAD
    0x08005124   0x08005124   0x00000052   Code   RO          504    .text.MX_UART4_Init  usart.o
    0x08005176   0x08005176   0x00000002   PAD
    0x08005178   0x08005178   0x00000040   Code   RO          506    .text.MX_UART7_Init  usart.o
    0x080051b8   0x080051b8   0x00000056   Code   RO          508    .text.MX_USART1_UART_Init  usart.o
    0x0800520e   0x0800520e   0x00000002   PAD
    0x08005210   0x08005210   0x00000052   Code   RO          510    .text.MX_USART2_UART_Init  usart.o
    0x08005262   0x08005262   0x00000002   PAD
    0x08005264   0x08005264   0x00000004   Code   RO          535    .text.MemManage_Handler  stm32f4xx_it.o
    0x08005268   0x08005268   0x00000004   Code   RO          531    .text.NMI_Handler   stm32f4xx_it.o
    0x0800526c   0x0800526c   0x0000006c   Code   RO          987    .text.NVIC_EncodePriority  stm32f4xx_hal_cortex.o
    0x080052d8   0x080052d8   0x000002c2   Code   RO          195    .text.OLS_Derivative  user_lib.o
    0x0800559a   0x0800559a   0x00000002   PAD
    0x0800559c   0x0800559c   0x00000084   Code   RO          191    .text.OLS_Init      user_lib.o
    0x08005620   0x08005620   0x000000b0   Code   RO          308    .text.OneFilter     rui_dbus.o
    0x080056d0   0x080056d0   0x00000108   Code   RO          366    .text.One_Back_task  reset_task.o
    0x080057d8   0x080057d8   0x00000524   Code   RO          351    .text.One_Goid_ore_task  goid_ore_task.o
    0x08005cfc   0x08005cfc   0x00000570   Code   RO          353    .text.One_Goid_ore_task_Other  goid_ore_task.o
    0x0800626c   0x0800626c   0x00000106   Code   RO          364    .text.One_Reset_task  reset_task.o
    0x08006372   0x08006372   0x00000002   PAD
    0x08006374   0x08006374   0x00000548   Code   RO          375    .text.One_Silver_ore_task  silver_ore_task.o
    0x080068bc   0x080068bc   0x000003ec   Code   RO          342    .text.One_exchange_task  exchange_task.o
    0x08006ca8   0x08006ca8   0x00000008   PAD
    0x08006cb0   0x08006cb0   0x00000064   Code   RO         2232    .text.PendSV_Handler  port.o
    0x08006d14   0x08006d14   0x000000c2   Code   RO           51    .text.RUI_F_CAN_SEDN  rui_can.o
    0x08006dd6   0x08006dd6   0x00000002   PAD
    0x08006dd8   0x08006dd8   0x00000598   Code   RO          310    .text.RUI_F_DUBSTOCONTAL  rui_dbus.o
    0x08007370   0x08007370   0x00000c34   Code   RO          304    .text.RUI_F_DUBS_Resovled  rui_dbus.o
    0x08007fa4   0x08007fa4   0x0000011c   Code   RO          237    .text.RUI_F_HEAD_AIM_INIT  head_task.o
    0x080080c0   0x080080c0   0x00000078   Code   RO          106    .text.RUI_F_HEAD_MOTOR3508_STUCK  rui_motor.o
    0x08008138   0x08008138   0x00000022   Code   RO          100    .text.RUI_F_HEAD_MOTOR_CLEAR  rui_motor.o
    0x0800815a   0x0800815a   0x00000002   PAD
    0x0800815c   0x0800815c   0x00000050   Code   RO          306    .text.RUI_F_KEY_STATUS  rui_dbus.o
    0x080081ac   0x080081ac   0x00000104   Code   RO          264    .text.RUI_F_LED     rui_root_init.o
    0x080082b0   0x080082b0   0x00000208   Code   RO          258    .text.RUI_F_LED_SHOW_STATUS  rui_root_init.o
    0x080084b8   0x080084b8   0x000000be   Code   RO          260    .text.RUI_F_MASTER_COMMUNICATION  rui_root_init.o
    0x08008576   0x08008576   0x00000002   PAD
    0x08008578   0x08008578   0x0000000e   Code   RO          256    .text.RUI_F_MASTER_LOCATION_JUDGE  rui_root_init.o
    0x08008586   0x08008586   0x00000002   PAD
    0x08008588   0x08008588   0x0000001a   Code   RO           71    .text.RUI_F_MATH_ABS_float  rui_math.o
    0x080085a2   0x080085a2   0x00000002   PAD
    0x080085a4   0x080085a4   0x00000066   Code   RO           73    .text.RUI_F_MATH_Limit_float  rui_math.o
    0x0800860a   0x0800860a   0x00000002   PAD
    0x0800860c   0x0800860c   0x000000d6   Code   RO           96    .text.RUI_F_MOTOR_CAN_RX_2006RM  rui_motor.o
    0x080086e2   0x080086e2   0x00000002   PAD
    0x080086e4   0x080086e4   0x000000de   Code   RO           94    .text.RUI_F_MOTOR_CAN_RX_3508RM  rui_motor.o
    0x080087c2   0x080087c2   0x00000002   PAD
    0x080087c4   0x080087c4   0x000000f2   Code   RO          130    .text.RUI_F_MOTOR_PID_COMMON_INIT  rui_pid.o
    0x080088b6   0x080088b6   0x00000002   PAD
    0x080088b8   0x080088b8   0x000003f0   Code   RO          132    .text.RUI_F_MOTOR_PID_HEAD_INIT  rui_pid.o
    0x08008ca8   0x08008ca8   0x000001d8   Code   RO          136    .text.RUI_F_MOTOR_PID_TWO_3508RM  rui_pid.o
    0x08008e80   0x08008e80   0x00000034   Code   RO          262    .text.RUI_F_MOTOR_STATUS  rui_root_init.o
    0x08008eb4   0x08008eb4   0x00000014   Code   RO          252    .text.RUI_F_ROOT    rui_root_init.o
    0x08008ec8   0x08008ec8   0x0000012c   Code   RO          254    .text.RUI_F_ROOT_ALL_STATUS  rui_root_init.o
    0x08008ff4   0x08008ff4   0x0000003a   Code   RO          241    .text.RUI_F_TOTAL_CONTRAL  head_task.o
    0x0800902e   0x0800902e   0x00000002   PAD
    0x08009030   0x08009030   0x00000024   Code   RO         2216    .text.SVC_Handler   port.o
    0x08009054   0x08009054   0x00000014   Code   RO          417    .text.Start_head    freertos.o
    0x08009068   0x08009068   0x00000030   Code   RO          415    .text.Start_read    freertos.o
    0x08009098   0x08009098   0x0000003c   Code   RO         2234    .text.SysTick_Handler  port.o
    0x080090d4   0x080090d4   0x000000ca   Code   RO          394    .text.SystemClock_Config  main.o
    0x0800919e   0x0800919e   0x00000002   PAD
    0x080091a0   0x080091a0   0x00000012   Code   RO         1627    .text.SystemInit    system_stm32f4xx.o
    0x080091b2   0x080091b2   0x00000002   PAD
    0x080091b4   0x080091b4   0x00000010   Code   RO          551    .text.TIM1_BRK_TIM9_IRQHandler  stm32f4xx_it.o
    0x080091c4   0x080091c4   0x00000010   Code   RO          555    .text.TIM1_TRG_COM_TIM11_IRQHandler  stm32f4xx_it.o
    0x080091d4   0x080091d4   0x00000010   Code   RO          553    .text.TIM1_UP_TIM10_IRQHandler  stm32f4xx_it.o
    0x080091e4   0x080091e4   0x00000010   Code   RO          557    .text.TIM2_IRQHandler  stm32f4xx_it.o
    0x080091f4   0x080091f4   0x0000019a   Code   RO         1166    .text.TIM_Base_SetConfig  stm32f4xx_hal_tim.o
    0x0800938e   0x0800938e   0x00000002   PAD
    0x08009390   0x08009390   0x00000036   Code   RO         1200    .text.TIM_CCxChannelCmd  stm32f4xx_hal_tim.o
    0x080093c6   0x080093c6   0x00000002   PAD
    0x080093c8   0x080093c8   0x00000034   Code   RO         1352    .text.TIM_ETR_SetConfig  stm32f4xx_hal_tim.o
    0x080093fc   0x080093fc   0x0000002a   Code   RO         1358    .text.TIM_ITRx_SetConfig  stm32f4xx_hal_tim.o
    0x08009426   0x08009426   0x00000002   PAD
    0x08009428   0x08009428   0x000000ea   Code   RO         1310    .text.TIM_OC1_SetConfig  stm32f4xx_hal_tim.o
    0x08009512   0x08009512   0x00000002   PAD
    0x08009514   0x08009514   0x000000f4   Code   RO         1312    .text.TIM_OC2_SetConfig  stm32f4xx_hal_tim.o
    0x08009608   0x08009608   0x000000f2   Code   RO         1314    .text.TIM_OC3_SetConfig  stm32f4xx_hal_tim.o
    0x080096fa   0x080096fa   0x00000002   PAD
    0x080096fc   0x080096fc   0x000000a4   Code   RO         1316    .text.TIM_OC4_SetConfig  stm32f4xx_hal_tim.o
    0x080097a0   0x080097a0   0x00000050   Code   RO         1356    .text.TIM_TI1_ConfigInputStage  stm32f4xx_hal_tim.o
    0x080097f0   0x080097f0   0x00000052   Code   RO         1360    .text.TIM_TI2_ConfigInputStage  stm32f4xx_hal_tim.o
    0x08009842   0x08009842   0x00000002   PAD
    0x08009844   0x08009844   0x000000a2   Code   RO          563    .text.UART4_IRQHandler  stm32f4xx_it.o
    0x080098e6   0x080098e6   0x00000002   PAD
    0x080098e8   0x080098e8   0x00000010   Code   RO          569    .text.UART7_IRQHandler  stm32f4xx_it.o
    0x080098f8   0x080098f8   0x00000020   Code   RO         1584    .text.UART_DMAAbortOnError  stm32f4xx_hal_uart.o
    0x08009918   0x08009918   0x0000007c   Code   RO         1532    .text.UART_DMAError  stm32f4xx_hal_uart.o
    0x08009994   0x08009994   0x000000ee   Code   RO         1616    .text.UART_DMAReceiveCplt  stm32f4xx_hal_uart.o
    0x08009a82   0x08009a82   0x00000002   PAD
    0x08009a84   0x08009a84   0x0000002e   Code   RO         1618    .text.UART_DMARxHalfCplt  stm32f4xx_hal_uart.o
    0x08009ab2   0x08009ab2   0x00000002   PAD
    0x08009ab4   0x08009ab4   0x0000007a   Code   RO         1528    .text.UART_DMATransmitCplt  stm32f4xx_hal_uart.o
    0x08009b2e   0x08009b2e   0x00000002   PAD
    0x08009b30   0x08009b30   0x00000016   Code   RO         1530    .text.UART_DMATxHalfCplt  stm32f4xx_hal_uart.o
    0x08009b46   0x08009b46   0x00000002   PAD
    0x08009b48   0x08009b48   0x00000094   Code   RO         1546    .text.UART_EndRxTransfer  stm32f4xx_hal_uart.o
    0x08009bdc   0x08009bdc   0x00000026   Code   RO         1592    .text.UART_EndTransmit_IT  stm32f4xx_hal_uart.o
    0x08009c02   0x08009c02   0x00000002   PAD
    0x08009c04   0x08009c04   0x00000036   Code   RO         1544    .text.UART_EndTxTransfer  stm32f4xx_hal_uart.o
    0x08009c3a   0x08009c3a   0x00000002   PAD
    0x08009c3c   0x08009c3c   0x00000164   Code   RO         1582    .text.UART_Receive_IT  stm32f4xx_hal_uart.o
    0x08009da0   0x08009da0   0x0000013a   Code   RO         1502    .text.UART_SetConfig  stm32f4xx_hal_uart.o
    0x08009eda   0x08009eda   0x00000002   PAD
    0x08009edc   0x08009edc   0x00000118   Code   RO         1536    .text.UART_Start_Receive_DMA  stm32f4xx_hal_uart.o
    0x08009ff4   0x08009ff4   0x00000094   Code   RO         1590    .text.UART_Transmit_IT  stm32f4xx_hal_uart.o
    0x0800a088   0x0800a088   0x00000072   Code   RO          559    .text.USART1_IRQHandler  stm32f4xx_it.o
    0x0800a0fa   0x0800a0fa   0x00000002   PAD
    0x0800a0fc   0x0800a0fc   0x00000010   Code   RO          561    .text.USART2_IRQHandler  stm32f4xx_it.o
    0x0800a10c   0x0800a10c   0x00000004   Code   RO          539    .text.UsageFault_Handler  stm32f4xx_it.o
    0x0800a110   0x0800a110   0x0000002a   Code   RO          102    .text.WHW_F_HEAD_MOTOR_SIT  rui_motor.o
    0x0800a13a   0x0800a13a   0x00000002   PAD
    0x0800a13c   0x0800a13c   0x000000ce   Code   RO           98    .text.WHW_F_MOTOR_CAN_RX_6020RM  rui_motor.o
    0x0800a20a   0x0800a20a   0x00000002   PAD
    0x0800a20c   0x0800a20c   0x00000030   Code   RO          991    .text.__NVIC_EnableIRQ  stm32f4xx_hal_cortex.o
    0x0800a23c   0x0800a23c   0x00000010   Code   RO          983    .text.__NVIC_GetPriorityGrouping  stm32f4xx_hal_cortex.o
    0x0800a24c   0x0800a24c   0x00000042   Code   RO          985    .text.__NVIC_SetPriority  stm32f4xx_hal_cortex.o
    0x0800a28e   0x0800a28e   0x00000002   PAD
    0x0800a290   0x0800a290   0x0000003c   Code   RO          979    .text.__NVIC_SetPriorityGrouping  stm32f4xx_hal_cortex.o
    0x0800a2cc   0x0800a2cc   0x00000050   Code   RO          181    .text.float_constrain  user_lib.o
    0x0800a31c   0x0800a31c   0x00000004   PAD
    0x0800a320   0x0800a320   0x00000978   Code   RO          239    .text.heading       head_task.o
    0x0800ac98   0x0800ac98   0x00000584   Code   RO          281    .text.kernel_run    kernel.o
    0x0800b21c   0x0800b21c   0x00000108   Code   RO          392    .text.main          main.o
    0x0800b324   0x0800b324   0x00000028   Code   RO         2070    .text.makeFreeRtosPriority  cmsis_os.o
    0x0800b34c   0x0800b34c   0x00000028   Code   RO         2084    .text.osDelay       cmsis_os.o
    0x0800b374   0x0800b374   0x0000000a   Code   RO         2060    .text.osKernelStart  cmsis_os.o
    0x0800b37e   0x0800b37e   0x00000002   PAD
    0x0800b380   0x0800b380   0x000000ac   Code   RO         2068    .text.osThreadCreate  cmsis_os.o
    0x0800b42c   0x0800b42c   0x000000f4   Code   RO         1860    .text.prvAddCurrentTaskToDelayedList  tasks.o
    0x0800b520   0x0800b520   0x00000116   Code   RO         1846    .text.prvAddNewTaskToReadyList  tasks.o
    0x0800b636   0x0800b636   0x00000002   PAD
    0x0800b638   0x0800b638   0x000000a2   Code   RO         1995    .text.prvCheckForValidListAndQueue  timers.o
    0x0800b6da   0x0800b6da   0x00000002   PAD
    0x0800b6dc   0x0800b6dc   0x0000005a   Code   RO         1962    .text.prvCheckTasksWaitingTermination  tasks.o
    0x0800b736   0x0800b736   0x00000002   PAD
    0x0800b738   0x0800b738   0x00000042   Code   RO         1739    .text.prvCopyDataFromQueue  queue.o
    0x0800b77a   0x0800b77a   0x00000002   PAD
    0x0800b77c   0x0800b77c   0x000000cc   Code   RO         1727    .text.prvCopyDataToQueue  queue.o
    0x0800b848   0x0800b848   0x0000005e   Code   RO         1852    .text.prvDeleteTCB  tasks.o
    0x0800b8a6   0x0800b8a6   0x00000002   PAD
    0x0800b8a8   0x0800b8a8   0x00000040   Code   RO         2029    .text.prvGetNextExpireTime  timers.o
    0x0800b8e8   0x0800b8e8   0x000000bc   Code   RO         2183    .text.prvHeapInit   heap_4.o
    0x0800b9a4   0x0800b9a4   0x00000038   Code   RO         1886    .text.prvIdleTask   tasks.o
    0x0800b9dc   0x0800b9dc   0x00000048   Code   RO         1705    .text.prvInitialiseNewQueue  queue.o
    0x0800ba24   0x0800ba24   0x00000122   Code   RO         1844    .text.prvInitialiseNewTask  tasks.o
    0x0800bb46   0x0800bb46   0x00000002   PAD
    0x0800bb48   0x0800bb48   0x0000008e   Code   RO         1960    .text.prvInitialiseTaskLists  tasks.o
    0x0800bbd6   0x0800bbd6   0x00000002   PAD
    0x0800bbd8   0x0800bbd8   0x000000c6   Code   RO         2185    .text.prvInsertBlockIntoFreeList  heap_4.o
    0x0800bc9e   0x0800bc9e   0x00000002   PAD
    0x0800bca0   0x0800bca0   0x00000086   Code   RO         2041    .text.prvInsertTimerInActiveList  timers.o
    0x0800bd26   0x0800bd26   0x00000002   PAD
    0x0800bd28   0x0800bd28   0x00000028   Code   RO         1741    .text.prvIsQueueEmpty  queue.o
    0x0800bd50   0x0800bd50   0x0000002e   Code   RO         1729    .text.prvIsQueueFull  queue.o
    0x0800bd7e   0x0800bd7e   0x00000002   PAD
    0x0800bd80   0x0800bd80   0x00000028   Code   RO         2224    .text.prvPortStartFirstTask  port.o
    0x0800bda8   0x0800bda8   0x0000008e   Code   RO         2037    .text.prvProcessExpiredTimer  timers.o
    0x0800be36   0x0800be36   0x00000002   PAD
    0x0800be38   0x0800be38   0x00000158   Code   RO         2033    .text.prvProcessReceivedCommands  timers.o
    0x0800bf90   0x0800bf90   0x0000009a   Code   RO         2031    .text.prvProcessTimerOrBlockTask  timers.o
    0x0800c02a   0x0800c02a   0x00000002   PAD
    0x0800c02c   0x0800c02c   0x00000046   Code   RO         1854    .text.prvResetNextTaskUnblockTime  tasks.o
    0x0800c072   0x0800c072   0x00000002   PAD
    0x0800c074   0x0800c074   0x00000044   Code   RO         2035    .text.prvSampleTimeNow  timers.o
    0x0800c0b8   0x0800c0b8   0x000000d4   Code   RO         2039    .text.prvSwitchTimerLists  timers.o
    0x0800c18c   0x0800c18c   0x0000004c   Code   RO         2214    .text.prvTaskExitError  port.o
    0x0800c1d8   0x0800c1d8   0x0000001e   Code   RO         1997    .text.prvTimerTask  timers.o
    0x0800c1f6   0x0800c1f6   0x00000002   PAD
    0x0800c1f8   0x0800c1f8   0x000000ae   Code   RO         1731    .text.prvUnlockQueue  queue.o
    0x0800c2a6   0x0800c2a6   0x00000002   PAD
    0x0800c2a8   0x0800c2a8   0x000001ec   Code   RO         2181    .text.pvPortMalloc  heap_4.o
    0x0800c494   0x0800c494   0x0000005e   Code   RO         2212    .text.pxPortInitialiseStack  port.o
    0x0800c4f2   0x0800c4f2   0x00000002   PAD
    0x0800c4f4   0x0800c4f4   0x00000048   Code   RO         1692    .text.uxListRemove  list.o
    0x0800c53c   0x0800c53c   0x0000002a   Code   RO          409    .text.vApplicationGetIdleTaskMemory  freertos.o
    0x0800c566   0x0800c566   0x00000002   PAD
    0x0800c568   0x0800c568   0x0000002c   Code   RO          411    .text.vApplicationGetTimerTaskMemory  freertos.o
    0x0800c594   0x0800c594   0x0000002e   Code   RO         1684    .text.vListInitialise  list.o
    0x0800c5c2   0x0800c5c2   0x00000002   PAD
    0x0800c5c4   0x0800c5c4   0x0000000e   Code   RO         1686    .text.vListInitialiseItem  list.o
    0x0800c5d2   0x0800c5d2   0x00000002   PAD
    0x0800c5d4   0x0800c5d4   0x0000006a   Code   RO         1690    .text.vListInsert   list.o
    0x0800c63e   0x0800c63e   0x00000002   PAD
    0x0800c640   0x0800c640   0x0000003a   Code   RO         1688    .text.vListInsertEnd  list.o
    0x0800c67a   0x0800c67a   0x00000002   PAD
    0x0800c67c   0x0800c67c   0x00000014   Code   RO         2222    .text.vPortEnableVFP  port.o
    0x0800c690   0x0800c690   0x00000056   Code   RO         2228    .text.vPortEnterCritical  port.o
    0x0800c6e6   0x0800c6e6   0x00000002   PAD
    0x0800c6e8   0x0800c6e8   0x0000004a   Code   RO         2230    .text.vPortExitCritical  port.o
    0x0800c732   0x0800c732   0x00000002   PAD
    0x0800c734   0x0800c734   0x000000ce   Code   RO         2187    .text.vPortFree     heap_4.o
    0x0800c802   0x0800c802   0x00000002   PAD
    0x0800c804   0x0800c804   0x00000044   Code   RO         2220    .text.vPortSetupTimerInterrupt  port.o
    0x0800c848   0x0800c848   0x00000084   Code   RO         2236    .text.vPortValidateInterruptPriority  port.o
    0x0800c8cc   0x0800c8cc   0x00000052   Code   RO         1771    .text.vQueueAddToRegistry  queue.o
    0x0800c91e   0x0800c91e   0x00000002   PAD
    0x0800c920   0x0800c920   0x00000064   Code   RO         1775    .text.vQueueWaitForMessageRestricted  queue.o
    0x0800c984   0x0800c984   0x0000006e   Code   RO         1864    .text.vTaskDelay    tasks.o
    0x0800c9f2   0x0800c9f2   0x00000002   PAD
    0x0800c9f4   0x0800c9f4   0x00000024   Code   RO         1918    .text.vTaskInternalSetTimeOutState  tasks.o
    0x0800ca18   0x0800ca18   0x0000000e   Code   RO         1922    .text.vTaskMissedYield  tasks.o
    0x0800ca26   0x0800ca26   0x00000002   PAD
    0x0800ca28   0x0800ca28   0x00000042   Code   RO         1906    .text.vTaskPlaceOnEventList  tasks.o
    0x0800ca6a   0x0800ca6a   0x00000002   PAD
    0x0800ca6c   0x0800ca6c   0x00000052   Code   RO         1910    .text.vTaskPlaceOnEventListRestricted  tasks.o
    0x0800cabe   0x0800cabe   0x00000002   PAD
    0x0800cac0   0x0800cac0   0x000000e0   Code   RO         1884    .text.vTaskStartScheduler  tasks.o
    0x0800cba0   0x0800cba0   0x00000010   Code   RO         1858    .text.vTaskSuspendAll  tasks.o
    0x0800cbb0   0x0800cbb0   0x000000be   Code   RO         1876    .text.vTaskSwitchContext  tasks.o
    0x0800cc6e   0x0800cc6e   0x00000002   PAD
    0x0800cc70   0x0800cc70   0x00000156   Code   RO         2218    .text.xPortStartScheduler  port.o
    0x0800cdc6   0x0800cdc6   0x00000002   PAD
    0x0800cdc8   0x0800cdc8   0x0000010e   Code   RO         1703    .text.xQueueGenericCreateStatic  queue.o
    0x0800ced6   0x0800ced6   0x00000002   PAD
    0x0800ced8   0x0800ced8   0x000000ba   Code   RO         1701    .text.xQueueGenericReset  queue.o
    0x0800cf92   0x0800cf92   0x00000002   PAD
    0x0800cf94   0x0800cf94   0x0000022c   Code   RO         1717    .text.xQueueGenericSend  queue.o
    0x0800d1c0   0x0800d1c0   0x0000014c   Code   RO         1733    .text.xQueueGenericSendFromISR  queue.o
    0x0800d30c   0x0800d30c   0x000001dc   Code   RO         1737    .text.xQueueReceive  queue.o
    0x0800d4e8   0x0800d4e8   0x000000cc   Code   RO         1920    .text.xTaskCheckForTimeOut  tasks.o
    0x0800d5b4   0x0800d5b4   0x0000009e   Code   RO         1848    .text.xTaskCreate   tasks.o
    0x0800d652   0x0800d652   0x00000002   PAD
    0x0800d654   0x0800d654   0x000000ce   Code   RO         1842    .text.xTaskCreateStatic  tasks.o
    0x0800d722   0x0800d722   0x00000002   PAD
    0x0800d724   0x0800d724   0x00000038   Code   RO         1934    .text.xTaskGetSchedulerState  tasks.o
    0x0800d75c   0x0800d75c   0x00000014   Code   RO         1892    .text.xTaskGetTickCount  tasks.o
    0x0800d770   0x0800d770   0x000001b8   Code   RO         1890    .text.xTaskIncrementTick  tasks.o
    0x0800d928   0x0800d928   0x00000118   Code   RO         1938    .text.xTaskPriorityDisinherit  tasks.o
    0x0800da40   0x0800da40   0x000000c2   Code   RO         1912    .text.xTaskRemoveFromEventList  tasks.o
    0x0800db02   0x0800db02   0x00000002   PAD
    0x0800db04   0x0800db04   0x00000178   Code   RO         1862    .text.xTaskResumeAll  tasks.o
    0x0800dc7c   0x0800dc7c   0x00000094   Code   RO         1993    .text.xTimerCreateTimerTask  timers.o
    0x0800dd10   0x0800dd10   0x000000b0   Code   RO         2005    .text.xTimerGenericCommand  timers.o
    0x0800ddc0   0x0800ddc0   0x00000062   Code   RO         2265    x$fpl$d2f           fz_wm.l(d2f.o)
    0x0800de22   0x0800de22   0x00000002   PAD
    0x0800de24   0x0800de24   0x00000150   Code   RO         2267    x$fpl$dadd          fz_wm.l(daddsub_clz.o)
    0x0800df74   0x0800df74   0x00000154   Code   RO         2283    x$fpl$dmul          fz_wm.l(dmul.o)
    0x0800e0c8   0x0800e0c8   0x0000009c   Code   RO         2296    x$fpl$dnaninf       fz_wm.l(dnaninf.o)
    0x0800e164   0x0800e164   0x0000000c   Code   RO         2298    x$fpl$dretinf       fz_wm.l(dretinf.o)
    0x0800e170   0x0800e170   0x000001dc   Code   RO         2269    x$fpl$dsub          fz_wm.l(daddsub_clz.o)
    0x0800e34c   0x0800e34c   0x00000056   Code   RO         2285    x$fpl$f2d           fz_wm.l(f2d.o)
    0x0800e3a2   0x0800e3a2   0x00000060   Code   RO         2287    x$fpl$ffltll        fz_wm.l(ffltll_clz.o)
    0x0800e402   0x0800e402   0x0000008c   Code   RO         2300    x$fpl$fnaninf       fz_wm.l(fnaninf.o)
    0x0800e48e   0x0800e48e   0x0000001a   Code   RO         2411    x$fpl$fpinit        fz_wm.l(fpinit.o)
    0x0800e4a8   0x0800e4a8   0x0000000a   Code   RO         2302    x$fpl$fretinf       fz_wm.l(fretinf.o)
    0x0800e4b2   0x0800e4b2   0x00000000   Code   RO         2304    x$fpl$usenofp       fz_wm.l(usenofp.o)
    0x0800e4b2   0x0800e4b2   0x00000002   PAD
    0x0800e4b4   0x0800e4b4   0x0000001c   Data   RO          426    .rodata..L__const.MX_FREERTOS_Init.os_thread_def_head_task  freertos.o
    0x0800e4d0   0x0800e4d0   0x0000001c   Data   RO          424    .rodata..L__const.MX_FREERTOS_Init.os_thread_def_read_task  freertos.o
    0x0800e4ec   0x0800e4ec   0x00000014   Data   RO          156    .rodata..L__const.RUI_F_MOTOR_PID_HEAD_INIT.RUI_HEAD_ANGLE_Camera  rui_pid.o
    0x0800e500   0x0800e500   0x00000014   Data   RO          146    .rodata..L__const.RUI_F_MOTOR_PID_HEAD_INIT.RUI_HEAD_ANGLE_HORIZONTAL  rui_pid.o
    0x0800e514   0x0800e514   0x00000014   Data   RO          144    .rodata..L__const.RUI_F_MOTOR_PID_HEAD_INIT.RUI_HEAD_ANGLE_LIFT  rui_pid.o
    0x0800e528   0x0800e528   0x00000014   Data   RO          152    .rodata..L__const.RUI_F_MOTOR_PID_HEAD_INIT.RUI_HEAD_ANGLE_Pitch  rui_pid.o
    0x0800e53c   0x0800e53c   0x00000014   Data   RO          153    .rodata..L__const.RUI_F_MOTOR_PID_HEAD_INIT.RUI_HEAD_ANGLE_Roll  rui_pid.o
    0x0800e550   0x0800e550   0x00000014   Data   RO          157    .rodata..L__const.RUI_F_MOTOR_PID_HEAD_INIT.RUI_HEAD_SPEED_Camera  rui_pid.o
    0x0800e564   0x0800e564   0x00000014   Data   RO          147    .rodata..L__const.RUI_F_MOTOR_PID_HEAD_INIT.RUI_HEAD_SPEED_HORIZONTAL  rui_pid.o
    0x0800e578   0x0800e578   0x00000014   Data   RO          155    .rodata..L__const.RUI_F_MOTOR_PID_HEAD_INIT.RUI_HEAD_SPEED_L  rui_pid.o
    0x0800e58c   0x0800e58c   0x00000014   Data   RO          145    .rodata..L__const.RUI_F_MOTOR_PID_HEAD_INIT.RUI_HEAD_SPEED_LIFT  rui_pid.o
    0x0800e5a0   0x0800e5a0   0x00000014   Data   RO          154    .rodata..L__const.RUI_F_MOTOR_PID_HEAD_INIT.RUI_HEAD_SPEED_R  rui_pid.o
    0x0800e5b4   0x0800e5b4   0x00000014   Data   RO          148    .rodata..L__const.RUI_F_MOTOR_PID_HEAD_INIT.WHW_MIDDLE_ANGLE_SWAY  rui_pid.o
    0x0800e5c8   0x0800e5c8   0x00000014   Data   RO          150    .rodata..L__const.RUI_F_MOTOR_PID_HEAD_INIT.WHW_MIDDLE_ANGLE_Yaw  rui_pid.o
    0x0800e5dc   0x0800e5dc   0x00000014   Data   RO          149    .rodata..L__const.RUI_F_MOTOR_PID_HEAD_INIT.WHW_MIDDLE_SPEED_SWAY  rui_pid.o
    0x0800e5f0   0x0800e5f0   0x00000014   Data   RO          151    .rodata..L__const.RUI_F_MOTOR_PID_HEAD_INIT.WHW_MIDDLE_SPEED_Yaw  rui_pid.o
    0x0800e604   0x0800e604   0x00000010   Data   RO         1632    .rodata.AHBPrescTable  system_stm32f4xx.o
    0x0800e614   0x0800e614   0x00000008   Data   RO         1633    .rodata.APBPrescTable  system_stm32f4xx.o
    0x0800e61c   0x0800e61c   0x00000008   Data   RO          903    .rodata.DMA_CalcBaseAndBitshift.flagBitshiftOffset  stm32f4xx_hal_dma.o
    0x0800e624   0x0800e624   0x00000014   Data   RO          423    .rodata.str1.1      freertos.o
    0x0800e638   0x0800e638   0x00000005   Data   RO         1978    .rodata.str1.1      tasks.o
    0x0800e63d   0x0800e63d   0x0000000d   Data   RO         2044    .rodata.str1.1      timers.o
    0x0800e64a   0x0800e64a   0x00000002   PAD
    0x0800e64c   0x0800e64c   0x00000020   Data   RO         2472    Region$$Table       anon$$obj.o


    Execution Region RW_IRAM2 (Exec base: 0x10000000, Load base: 0x0800e6c8, Size: 0x00000000, Max: 0x00010000, ABSOLUTE)

    **** No section assigned to this execution region ****


    Execution Region RW_IRAM1 (Exec base: 0x20000000, Load base: 0x0800e670, Size: 0x000033b0, Max: 0x00030000, ABSOLUTE)

    Exec Addr    Load Addr    Size         Type   Attr      Idx    E Section Name        Object

    0x20000000   0x0800e670   0x00000012   Data   RW          273    .data.RUI_F_LED.LED_CONFIG  rui_root_init.o
    0x20000012   0x0800e682   0x00000006   Data   RW          272    .data.RUI_F_LED.LED_PIN  rui_root_init.o
    0x20000018   0x0800e688   0x0000000c   Data   RW          271    .data.RUI_F_LED.LED_PORT  rui_root_init.o
    0x20000024   0x0800e694   0x00000001   Data   RW          270    .data.RUI_F_LED.status_LAST  rui_root_init.o
    0x20000025   0x0800e695   0x00000003   PAD
    0x20000028   0x0800e698   0x00000004   Data   RW         1631    .data.SystemCoreClock  system_stm32f4xx.o
    0x2000002c   0x0800e69c   0x00000002   Data   RW          288    .data.kernel_run.RUI_V_BOTTOM_SPEED_R  kernel.o
    0x2000002e   0x0800e69e   0x00000001   Data   RW          287    .data.kernel_run.RUI_V_BOTTOM_SPEED_W  kernel.o
    0x2000002f   0x0800e69f   0x00000001   PAD
    0x20000030   0x0800e6a0   0x00000002   Data   RW          285    .data.kernel_run.RUI_V_BOTTOM_SPEED_X  kernel.o
    0x20000032   0x0800e6a2   0x00000002   Data   RW          286    .data.kernel_run.RUI_V_BOTTOM_SPEED_Y  kernel.o
    0x20000034   0x0800e6a4   0x00000002   Data   RW          289    .data.kernel_run.RUI_V_BOTTOM_SPEED_Z  kernel.o
    0x20000036   0x0800e6a6   0x00000002   Data   RW          297    .data.kernel_run.RUI_V_HEAD_SPEED_C  kernel.o
    0x20000038   0x0800e6a8   0x00000002   Data   RW          291    .data.kernel_run.RUI_V_HEAD_SPEED_HORI  kernel.o
    0x2000003a   0x0800e6aa   0x00000002   Data   RW          292    .data.kernel_run.RUI_V_HEAD_SPEED_HORI_One  kernel.o
    0x2000003c   0x0800e6ac   0x00000002   Data   RW          290    .data.kernel_run.RUI_V_HEAD_SPEED_LIFT  kernel.o
    0x2000003e   0x0800e6ae   0x00000002   Data   RW          294    .data.kernel_run.RUI_V_HEAD_SPEED_P  kernel.o
    0x20000040   0x0800e6b0   0x00000002   Data   RW          295    .data.kernel_run.RUI_V_HEAD_SPEED_R  kernel.o
    0x20000042   0x0800e6b2   0x00000002   Data   RW          293    .data.kernel_run.RUI_V_HEAD_SPEED_SWAY  kernel.o
    0x20000044   0x0800e6b4   0x00000004   Data   RW          296    .data.kernel_run.RUI_V_HEAD_SPEED_Y  kernel.o
    0x20000048   0x0800e6b8   0x00000001   Data   RW         1107    .data.uwTickFreq    stm32f4xx_hal.o
    0x20000049   0x0800e6b9   0x00000003   PAD
    0x2000004c   0x0800e6bc   0x00000004   Data   RW         1106    .data.uwTickPrio    stm32f4xx_hal.o
    0x20000050   0x0800e6c0   0x00000004   Data   RW         2240    .data.uxCriticalNesting  port.o
    0x20000054   0x0800e6c4   0x00000004   PAD
    0x20000058        -       0x00000060   Zero   RW         2337    .bss                c_w.l(libspace.o)
    0x200000b8        -       0x00000028   Zero   RW           57    .bss.CAN_FilterInitStrt  rui_can.o
    0x200000e0        -       0x00000004   Zero   RW           20    .bss.CPU_FREQ_Hz    bsp_dwt.o
    0x200000e4        -       0x00000004   Zero   RW           21    .bss.CPU_FREQ_Hz_ms  bsp_dwt.o
    0x200000e8        -       0x00000004   Zero   RW           22    .bss.CPU_FREQ_Hz_us  bsp_dwt.o
    0x200000ec        -       0x00000004   Zero   RW           29    .bss.CYCCNT_LAST    bsp_dwt.o
    0x200000f0        -       0x00000004   Zero   RW           23    .bss.CYCCNT_RountCount  bsp_dwt.o
    0x200000f4        -       0x00000013   Zero   RW          312    .bss.DBUS_RX_DATA   rui_dbus.o
    0x20000107   0x0800e6c4   0x00000001   PAD
    0x20000108        -       0x00000360   Zero   RW           41    .bss.FFC_ALL        ffc.o
    0x20000468        -       0x00000004   Zero   RW          445    .bss.HAL_RCC_CAN1_CLK_ENABLED  can.o
    0x2000046c        -       0x00000004   Zero   RW          334    .bss.Micro          rui_dbus.o
    0x20000470        -       0x00000004   Zero   RW          207    .bss.OLS_Derivative.temp  user_lib.o
    0x20000474        -       0x00000001   Zero   RW          377    .bss.One_flag_1     silver_ore_task.o
    0x20000475        -       0x00000001   Zero   RW          355    .bss.One_flag_2     goid_ore_task.o
    0x20000476        -       0x00000001   Zero   RW          344    .bss.One_flag_3     exchange_task.o
    0x20000477        -       0x00000001   Zero   RW          356    .bss.One_flag_4     goid_ore_task.o
    0x20000478        -       0x00000004   Zero   RW          122    .bss.P_Angle        rui_motor.o
    0x2000047c        -       0x00000001   Zero   RW          329    .bss.RUI_F_DUBS_Resovled.Key_B_Lock  rui_dbus.o
    0x2000047d        -       0x00000001   Zero   RW          327    .bss.RUI_F_DUBS_Resovled.Key_C_Lock  rui_dbus.o
    0x2000047e        -       0x00000001   Zero   RW          331    .bss.RUI_F_DUBS_Resovled.Key_Ctrl_Lock  rui_dbus.o
    0x2000047f        -       0x00000001   Zero   RW          321    .bss.RUI_F_DUBS_Resovled.Key_E_Lock  rui_dbus.o
    0x20000480        -       0x00000001   Zero   RW          323    .bss.RUI_F_DUBS_Resovled.Key_F_Lock  rui_dbus.o
    0x20000481        -       0x00000001   Zero   RW          324    .bss.RUI_F_DUBS_Resovled.Key_G_Lock  rui_dbus.o
    0x20000482        -       0x00000001   Zero   RW          320    .bss.RUI_F_DUBS_Resovled.Key_Q_Lock  rui_dbus.o
    0x20000483        -       0x00000001   Zero   RW          322    .bss.RUI_F_DUBS_Resovled.Key_R_Lock  rui_dbus.o
    0x20000484        -       0x00000001   Zero   RW          330    .bss.RUI_F_DUBS_Resovled.Key_Shift_Lock  rui_dbus.o
    0x20000485        -       0x00000001   Zero   RW          328    .bss.RUI_F_DUBS_Resovled.Key_V_Lock  rui_dbus.o
    0x20000486        -       0x00000001   Zero   RW          326    .bss.RUI_F_DUBS_Resovled.Key_X_Lock  rui_dbus.o
    0x20000487        -       0x00000001   Zero   RW          325    .bss.RUI_F_DUBS_Resovled.Key_Z_Lock  rui_dbus.o
    0x20000488        -       0x00000001   Zero   RW          333    .bss.RUI_F_DUBS_Resovled.Mouse_L_Lock  rui_dbus.o
    0x20000489        -       0x00000001   Zero   RW          332    .bss.RUI_F_DUBS_Resovled.Mouse_R_Lock  rui_dbus.o
    0x2000048a        -       0x00000001   Zero   RW          269    .bss.RUI_F_LED.BIT  rui_root_init.o
    0x2000048b   0x0800e6c4   0x00000001   PAD
    0x2000048c        -       0x00000004   Zero   RW          268    .bss.RUI_F_LED.TIME_LAST  rui_root_init.o
    0x20000490        -       0x0000000d   Zero   RW          266    .bss.RUI_ROOT       rui_root_init.o
    0x2000049d        -       0x00000009   Zero   RW          267    .bss.RUI_V_COMMUNICATION  rui_root_init.o
    0x200004a6   0x0800e6c4   0x00000002   PAD
    0x200004a8        -       0x0000004c   Zero   RW          313    .bss.RUI_V_CONTAL   rui_dbus.o
    0x200004f4        -       0x0000004c   Zero   RW          314    .bss.RUI_V_CONTAL_Last  rui_dbus.o
    0x20000540        -       0x00000001   Zero   RW          316    .bss.RUI_V_Crotral_ONLINE_JUDGE_TIME  rui_dbus.o
    0x20000541   0x0800e6c4   0x00000003   PAD
    0x20000544        -       0x00000048   Zero   RW          317    .bss.RUI_V_DBUS     rui_dbus.o
    0x2000058c        -       0x00000001   Zero   RW          315    .bss.RUI_V_DBUS_ONLINE_JUDGE_TIME  rui_dbus.o
    0x2000058d   0x0800e6c4   0x00000003   PAD
    0x20000590        -       0x000000b8   Zero   RW          120    .bss.RUI_V_MOTOR_Camera  rui_motor.o
    0x20000648        -       0x000000b8   Zero   RW          112    .bss.RUI_V_MOTOR_HORIZONTAL_L  rui_motor.o
    0x20000700        -       0x000000b8   Zero   RW          113    .bss.RUI_V_MOTOR_HORIZONTAL_R  rui_motor.o
    0x200007b8        -       0x000000b8   Zero   RW          110    .bss.RUI_V_MOTOR_LIFT_L  rui_motor.o
    0x20000870        -       0x000000b8   Zero   RW          111    .bss.RUI_V_MOTOR_LIFT_R  rui_motor.o
    0x20000928        -       0x000000b8   Zero   RW          118    .bss.RUI_V_MOTOR_Left  rui_motor.o
    0x200009e0        -       0x000000b8   Zero   RW          116    .bss.RUI_V_MOTOR_Pitch  rui_motor.o
    0x20000a98        -       0x000000b8   Zero   RW          119    .bss.RUI_V_MOTOR_Right  rui_motor.o
    0x20000b50        -       0x000000b8   Zero   RW          117    .bss.RUI_V_MOTOR_Roll  rui_motor.o
    0x20000c08        -       0x000000b8   Zero   RW          114    .bss.RUI_V_MOTOR_SWAY  rui_motor.o
    0x20000cc0        -       0x000000b8   Zero   RW          115    .bss.RUI_V_MOTOR_Yaw  rui_motor.o
    0x20000d78        -       0x00000004   Zero   RW          121    .bss.R_Angle        rui_motor.o
    0x20000d7c        -       0x0000001c   Zero   RW           58    .bss.can_rx         rui_can.o
    0x20000d98        -       0x00000001   Zero   RW          400    .bss.flag           main.o
    0x20000d99   0x0800e6c4   0x00000003   PAD
    0x20000d9c        -       0x00000028   Zero   RW          443    .bss.hcan1          can.o
    0x20000dc4        -       0x00000028   Zero   RW          444    .bss.hcan2          can.o
    0x20000dec        -       0x00000008   Zero   RW          459    .bss.hcrc           crc.o
    0x20000df4        -       0x00000060   Zero   RW          520    .bss.hdma_uart4_rx  usart.o
    0x20000e54        -       0x00000060   Zero   RW          521    .bss.hdma_usart1_rx  usart.o
    0x20000eb4        -       0x00000060   Zero   RW          523    .bss.hdma_usart2_rx  usart.o
    0x20000f14        -       0x00000060   Zero   RW          522    .bss.hdma_usart2_tx  usart.o
    0x20000f74        -       0x00000004   Zero   RW          427    .bss.head_taskHandle  freertos.o
    0x20000f78        -       0x00000001   Zero   RW          244    .bss.heading.AIM_INIT  head_task.o
    0x20000f79        -       0x00000001   Zero   RW          243    .bss.heading.PID_INIT  head_task.o
    0x20000f7a   0x0800e6c4   0x00000002   PAD
    0x20000f7c        -       0x00000048   Zero   RW          494    .bss.htim10         tim.o
    0x20000fc4        -       0x00000048   Zero   RW          495    .bss.htim11         tim.o
    0x2000100c        -       0x00000048   Zero   RW          496    .bss.htim12         tim.o
    0x20001054        -       0x00000048   Zero   RW          592    .bss.htim2          stm32f4xx_hal_timebase_tim.o
    0x2000109c        -       0x00000048   Zero   RW          493    .bss.htim9          tim.o
    0x200010e4        -       0x00000044   Zero   RW          518    .bss.huart1         usart.o
    0x20001128        -       0x00000044   Zero   RW          519    .bss.huart2         usart.o
    0x2000116c        -       0x00000044   Zero   RW          516    .bss.huart4         usart.o
    0x200011b0        -       0x00000044   Zero   RW          517    .bss.huart7         usart.o
    0x200011f4        -       0x00000078   Zero   RW         2052    .bss.prvCheckForValidListAndQueue.ucStaticTimerQueueStorage  timers.o
    0x2000126c        -       0x00000050   Zero   RW         2051    .bss.prvCheckForValidListAndQueue.xStaticTimerQueue  timers.o
    0x200012bc        -       0x00000004   Zero   RW         2048    .bss.prvSampleTimeNow.xLastTime  timers.o
    0x200012c0        -       0x00000004   Zero   RW         1964    .bss.pxCurrentTCB   tasks.o
    0x200012c4        -       0x00000004   Zero   RW         2046    .bss.pxCurrentTimerList  timers.o
    0x200012c8        -       0x00000004   Zero   RW         1974    .bss.pxDelayedTaskList  tasks.o
    0x200012cc        -       0x00000004   Zero   RW         2197    .bss.pxEnd          heap_4.o
    0x200012d0        -       0x00000004   Zero   RW         1975    .bss.pxOverflowDelayedTaskList  tasks.o
    0x200012d4        -       0x00000004   Zero   RW         2047    .bss.pxOverflowTimerList  timers.o
    0x200012d8        -       0x0000008c   Zero   RW         1965    .bss.pxReadyTasksLists  tasks.o
    0x20001364        -       0x00000004   Zero   RW          425    .bss.read_taskHandle  freertos.o
    0x20001368        -       0x00000027   Zero   RW          318    .bss.receive        rui_dbus.o
    0x2000138f        -       0x00000027   Zero   RW          319    .bss.receive_last   rui_dbus.o
    0x200013b6        -       0x00000008   Zero   RW           59    .bss.rx_data        rui_can.o
    0x200013be   0x0800e6c4   0x00000002   PAD
    0x200013c0        -       0x00000004   Zero   RW          284    .bss.temp_a         kernel.o
    0x200013c4        -       0x00000004   Zero   RW          283    .bss.temp_hand      kernel.o
    0x200013c8        -       0x00001200   Zero   RW         2204    .bss.ucHeap         heap_4.o
    0x200025c8        -       0x00000001   Zero   RW         2238    .bss.ucMaxSysCallPriority  port.o
    0x200025c9   0x0800e6c4   0x00000003   PAD
    0x200025cc        -       0x00000004   Zero   RW         2239    .bss.ulMaxPRIGROUPValue  port.o
    0x200025d0        -       0x00000004   Zero   RW         1108    .bss.uwTick         stm32f4xx_hal.o
    0x200025d4        -       0x00000004   Zero   RW         1970    .bss.uxCurrentNumberOfTasks  tasks.o
    0x200025d8        -       0x00000004   Zero   RW         1969    .bss.uxDeletedTasksWaitingCleanUp  tasks.o
    0x200025dc        -       0x00000004   Zero   RW         1972    .bss.uxSchedulerSuspended  tasks.o
    0x200025e0        -       0x00000004   Zero   RW         1967    .bss.uxTaskNumber   tasks.o
    0x200025e4        -       0x00000004   Zero   RW         1966    .bss.uxTopReadyPriority  tasks.o
    0x200025e8        -       0x00000014   Zero   RW         2049    .bss.xActiveTimerList1  timers.o
    0x200025fc        -       0x00000014   Zero   RW         2050    .bss.xActiveTimerList2  timers.o
    0x20002610        -       0x00000004   Zero   RW         2198    .bss.xBlockAllocatedBit  heap_4.o
    0x20002614        -       0x00000014   Zero   RW         1984    .bss.xDelayedTaskList1  tasks.o
    0x20002628        -       0x00000014   Zero   RW         1985    .bss.xDelayedTaskList2  tasks.o
    0x2000263c        -       0x00000004   Zero   RW         2199    .bss.xFreeBytesRemaining  heap_4.o
    0x20002640        -       0x00000200   Zero   RW          420    .bss.xIdleStack     freertos.o
    0x20002840        -       0x00000004   Zero   RW         1979    .bss.xIdleTaskHandle  tasks.o
    0x20002844        -       0x0000005c   Zero   RW          419    .bss.xIdleTaskTCBBuffer  freertos.o
    0x200028a0        -       0x00000004   Zero   RW         2201    .bss.xMinimumEverFreeBytesRemaining  heap_4.o
    0x200028a4        -       0x00000004   Zero   RW         1980    .bss.xNextTaskUnblockTime  tasks.o
    0x200028a8        -       0x00000004   Zero   RW         1983    .bss.xNumOfOverflows  tasks.o
    0x200028ac        -       0x00000004   Zero   RW         2202    .bss.xNumberOfSuccessfulAllocations  heap_4.o
    0x200028b0        -       0x00000004   Zero   RW         2203    .bss.xNumberOfSuccessfulFrees  heap_4.o
    0x200028b4        -       0x00000004   Zero   RW         1982    .bss.xPendedTicks   tasks.o
    0x200028b8        -       0x00000014   Zero   RW         1977    .bss.xPendingReadyList  tasks.o
    0x200028cc        -       0x00000040   Zero   RW         1777    .bss.xQueueRegistry  queue.o
    0x2000290c        -       0x00000004   Zero   RW         1971    .bss.xSchedulerRunning  tasks.o
    0x20002910        -       0x00000008   Zero   RW         2200    .bss.xStart         heap_4.o
    0x20002918        -       0x00000014   Zero   RW         1976    .bss.xSuspendedTaskList  tasks.o
    0x2000292c        -       0x00000014   Zero   RW         1968    .bss.xTasksWaitingTermination  tasks.o
    0x20002940        -       0x00000004   Zero   RW         1973    .bss.xTickCount     tasks.o
    0x20002944        -       0x00000004   Zero   RW         2043    .bss.xTimerQueue    timers.o
    0x20002948        -       0x00000400   Zero   RW          422    .bss.xTimerStack    freertos.o
    0x20002d48        -       0x00000004   Zero   RW         2045    .bss.xTimerTaskHandle  timers.o
    0x20002d4c        -       0x0000005c   Zero   RW          421    .bss.xTimerTaskTCBBuffer  freertos.o
    0x20002da8        -       0x00000004   Zero   RW         1981    .bss.xYieldPending  tasks.o
    0x20002dac   0x0800e6c4   0x00000004   PAD
    0x20002db0        -       0x00000200   Zero   RW         1641    HEAP                startup_stm32f427xx.o
    0x20002fb0        -       0x00000400   Zero   RW         1640    STACK               startup_stm32f427xx.o


==============================================================================

Image component sizes


      Code (inc. data)   RO Data    RW Data    ZI Data      Debug   Object Name

       276          0          0          0         20       3389   bsp_dwt.o
       544          0          0          0         84       6630   can.o
       262          0          0          0          0      16944   cmsis_os.o
        98          0          0          0          8       2539   crc.o
       152          0          0          0          0       3487   dma.o
      1004         12          0          0          1       3232   exchange_task.o
       548          0          0          0        864       2273   ffc.o
       288          0         76          0       1728       3218   freertos.o
      2708         44          0          0          2       4194   goid_ore_task.o
       428          0          0          0          0       2291   gpio.o
      2766         28          0          0          2       2130   head_task.o
      1084          0          0          0       4640       4434   heap_4.o
      1412          4          0         27          8       4574   kernel.o
       296          0          0          0          0       2202   list.o
      1072          0          0          0          1       6275   main.o
      1128         16          0          4          5       3810   port.o
      2604          0          0          0         64      16805   queue.o
       526          0          0          0          0       3240   reset_task.o
       644         12          0          0         76       4137   rui_can.o
      4812         74          0          0        341       7662   rui_dbus.o
       128          0          0          0          0       2258   rui_math.o
       838          0          0          0       2032       4161   rui_motor.o
      1972          4        280          0          0       5039   rui_pid.o
      1356          0          0         37         27       4550   rui_root_init.o
      1352         16          0          0          1       3384   silver_ore_task.o
        64         26        428          0       1536        840   startup_stm32f427xx.o
        92          0          0          5          4       7459   stm32f4xx_hal.o
      3088          0          0          0          0      11306   stm32f4xx_hal_can.o
       384          0          0          0          0       9540   stm32f4xx_hal_cortex.o
        64          0          0          0          0       2699   stm32f4xx_hal_crc.o
      2068          8          8          0          0       8455   stm32f4xx_hal_dma.o
      1098          0          0          0          0       5164   stm32f4xx_hal_gpio.o
        88          0          0          0          0       3514   stm32f4xx_hal_msp.o
       190          0          0          0          0       4436   stm32f4xx_hal_pwr_ex.o
      2730          0          0          0          0       7606   stm32f4xx_hal_rcc.o
      3996         14          0          0          0      35739   stm32f4xx_hal_tim.o
        16          0          0          0          0      15243   stm32f4xx_hal_tim_ex.o
       236          0          0          0         72       7258   stm32f4xx_hal_timebase_tim.o
      3778          0          0          0          0      20097   stm32f4xx_hal_uart.o
       490          0          0          0          0       2470   stm32f4xx_it.o
        18          0         24          4          0       2556   system_stm32f4xx.o
      3936          0          5          0        300      23960   tasks.o
       760          0          0          0        288       8859   tim.o
      1634         10         13          0        260      10650   timers.o
      1238          0          0          0        656       8157   usart.o
       918          0          0          0          4       6420   user_lib.o

    ----------------------------------------------------------------------
     55416        276        868         84      13052     325286   Object Totals
         0          0         32          0          0          0   (incl. Generated)
       232          8          2          7         28          0   (incl. Padding)

    ----------------------------------------------------------------------

      Code (inc. data)   RO Data    RW Data    ZI Data      Debug   Library Member Name

         8          0          0          0          0         68   __main.o
         0          0          0          0          0          0   __rtentry.o
        12          0          0          0          0          0   __rtentry2.o
         6          0          0          0          0          0   __rtentry4.o
        52          8          0          0          0          0   __scatter.o
        26          0          0          0          0          0   __scatter_copy.o
        28          0          0          0          0          0   __scatter_zi.o
        16          0          0          0          0         68   aeabi_memset4.o
        18          0          0          0          0         80   exit.o
         6          0          0          0          0        152   heapauxi.o
         0          0          0          0          0          0   indicate_semi.o
         2          0          0          0          0          0   libinit.o
         6          0          0          0          0          0   libinit2.o
         2          0          0          0          0          0   libshutdown.o
         2          0          0          0          0          0   libshutdown2.o
         8          4          0          0         96         68   libspace.o
       240          0          0          0          0        100   lludivv7m.o
        68          0          0          0          0         68   rt_memclr.o
        78          0          0          0          0         80   rt_memclr_w.o
       138          0          0          0          0         68   rt_memcpy_v6.o
       100          0          0          0          0         80   rt_memcpy_w.o
         2          0          0          0          0          0   rtexit.o
        10          0          0          0          0          0   rtexit2.o
        12          4          0          0          0         68   sys_exit.o
        74          0          0          0          0         80   sys_stackheap_outer.o
         2          0          0          0          0         68   use_no_semi.o
        98          4          0          0          0        140   d2f.o
       812         16          0          0          0        392   daddsub_clz.o
       340         12          0          0          0        152   dmul.o
       156          4          0          0          0        140   dnaninf.o
        12          0          0          0          0        116   dretinf.o
        86          4          0          0          0        132   f2d.o
        96          0          0          0          0        132   ffltll_clz.o
       140          4          0          0          0        132   fnaninf.o
        26          0          0          0          0        116   fpinit.o
        10          0          0          0          0        116   fretinf.o
         0          0          0          0          0          0   usenofp.o

    ----------------------------------------------------------------------
      2704         60          0          0         96       2616   Library Totals
        12          0          0          0          0          0   (incl. Padding)

    ----------------------------------------------------------------------

      Code (inc. data)   RO Data    RW Data    ZI Data      Debug   Library Name

       916         16          0          0         96       1048   c_w.l
      1776         44          0          0          0       1568   fz_wm.l

    ----------------------------------------------------------------------
      2704         60          0          0         96       2616   Library Totals

    ----------------------------------------------------------------------

==============================================================================


      Code (inc. data)   RO Data    RW Data    ZI Data      Debug   

     58120        336        868         84      13148     325554   Grand Totals
     58120        336        868         84      13148     325554   ELF Image Totals
     58120        336        868         84          0          0   ROM Totals

==============================================================================

    Total RO  Size (Code + RO Data)                58988 (  57.61kB)
    Total RW  Size (RW Data + ZI Data)             13232 (  12.92kB)
    Total ROM Size (Code + RO Data + RW Data)      59072 (  57.69kB)

==============================================================================

